[      74ms] [INFO] %cDownload the React DevTools for a better development experience: https://react.dev/link/react-devtools font-weight:bold @ http://localhost:3000/_next/static/chunks/12h2_next_dist_0nhaf9-._.js:2489
[      83ms] [LOG] [HMR] connected @ http://localhost:3000/_next/static/chunks/12h2_next_dist_0nhaf9-._.js:2489
[  475732ms] [LOG] [Fast Refresh] rebuilding @ http://localhost:3000/_next/static/chunks/12h2_next_dist_0nhaf9-._.js:2489
[  475747ms] [LOG] [Fast Refresh] done in 62ms @ http://localhost:3000/_next/static/chunks/12h2_next_dist_0nhaf9-._.js:2489
[  486622ms] [LOG] [Fast Refresh] rebuilding @ http://localhost:3000/_next/static/chunks/12h2_next_dist_0nhaf9-._.js:2489
[  486674ms] [LOG] [Fast Refresh] done in 86ms @ http://localhost:3000/_next/static/chunks/12h2_next_dist_0nhaf9-._.js:2489
[  657881ms] [LOG] [Fast Refresh] rebuilding @ http://localhost:3000/_next/static/chunks/12h2_next_dist_0nhaf9-._.js:2489
[  657941ms] [LOG] [Fast Refresh] done in 26ms @ http://localhost:3000/_next/static/chunks/12h2_next_dist_0nhaf9-._.js:2489
[  661643ms] [LOG] [Fast Refresh] rebuilding @ http://localhost:3000/_next/static/chunks/12h2_next_dist_0nhaf9-._.js:2489
[  661697ms] [LOG] [Fast Refresh] done in 21ms @ http://localhost:3000/_next/static/chunks/12h2_next_dist_0nhaf9-._.js:2489
[  675680ms] [LOG] [Fast Refresh] rebuilding @ http://localhost:3000/_next/static/chunks/12h2_next_dist_0nhaf9-._.js:2489
[  675737ms] [LOG] [Fast Refresh] done in 20ms @ http://localhost:3000/_next/static/chunks/12h2_next_dist_0nhaf9-._.js:2489
[  689048ms] [ERROR] ./app/landing/page.tsx:56:1
Unexpected token. Did you mean `{'}'}` or `&rbrace;`?
  54 |     </div>
  55 |   )
> 56 | }
     | ^

Parsing ecmascript source code failed @ http://localhost:3000/_next/static/chunks/12h2_next_dist_0nhaf9-._.js:3330
[  689073ms] [LOG] [Fast Refresh] rebuilding @ http://localhost:3000/_next/static/chunks/12h2_next_dist_0nhaf9-._.js:2489
[  694799ms] [LOG] [Fast Refresh] rebuilding @ http://localhost:3000/_next/static/chunks/12h2_next_dist_0nhaf9-._.js:2489
[  694858ms] [LOG] [Fast Refresh] done in 32ms @ http://localhost:3000/_next/static/chunks/12h2_next_dist_0nhaf9-._.js:2489
[  707194ms] [LOG] [Fast Refresh] rebuilding @ http://localhost:3000/_next/static/chunks/12h2_next_dist_0nhaf9-._.js:2489
[  707235ms] [LOG] [Fast Refresh] done in 23ms @ http://localhost:3000/_next/static/chunks/12h2_next_dist_0nhaf9-._.js:2489
[  756737ms] [LOG] [Fast Refresh] rebuilding @ http://localhost:3000/_next/static/chunks/12h2_next_dist_0nhaf9-._.js:2489
[  756796ms] [LOG] [Fast Refresh] done in 19ms @ http://localhost:3000/_next/static/chunks/12h2_next_dist_0nhaf9-._.js:2489
[  768500ms] [LOG] [Fast Refresh] rebuilding @ http://localhost:3000/_next/static/chunks/12h2_next_dist_0nhaf9-._.js:2489
[  768543ms] [LOG] [Fast Refresh] done in 27ms @ http://localhost:3000/_next/static/chunks/12h2_next_dist_0nhaf9-._.js:2489
[  782019ms] [LOG] [Fast Refresh] rebuilding @ http://localhost:3000/_next/static/chunks/12h2_next_dist_0nhaf9-._.js:2489
[  782257ms] [LOG] [Fast Refresh] done in 141ms @ http://localhost:3000/_next/static/chunks/12h2_next_dist_0nhaf9-._.js:2489
[  791889ms] [LOG] [Fast Refresh] rebuilding @ http://localhost:3000/_next/static/chunks/12h2_next_dist_0nhaf9-._.js:2489
[  791933ms] [LOG] [Fast Refresh] done in 23ms @ http://localhost:3000/_next/static/chunks/12h2_next_dist_0nhaf9-._.js:2489
[  834801ms] [LOG] [Fast Refresh] rebuilding @ http://localhost:3000/_next/static/chunks/12h2_next_dist_0nhaf9-._.js:2489
[  834862ms] [LOG] [Fast Refresh] done in 30ms @ http://localhost:3000/_next/static/chunks/12h2_next_dist_0nhaf9-._.js:2489
[  835005ms] [LOG] [Fast Refresh] rebuilding @ http://localhost:3000/_next/static/chunks/12h2_next_dist_0nhaf9-._.js:2489
[  835043ms] [LOG] [Fast Refresh] done in 139ms @ http://localhost:3000/_next/static/chunks/12h2_next_dist_0nhaf9-._.js:2489
[  835327ms] TypeError: Cannot read properties of undefined (reading 'map')
    at Card (about://React/Server/file:///home/oskark/Projects/oskark-landing/.next/dev/server/chunks/ssr/%5Broot-of-the-server%5D__0foda4k._.js?67:123:32)
    at resolveErrorDev (http://localhost:3000/_next/static/chunks/12h2_next_dist_compiled_react-server-dom-turbopack_0zygtc_._.js:1919:150)
    at processFullStringRow (http://localhost:3000/_next/static/chunks/12h2_next_dist_compiled_react-server-dom-turbopack_0zygtc_._.js:2434:29)
    at processFullBinaryRow (http://localhost:3000/_next/static/chunks/12h2_next_dist_compiled_react-server-dom-turbopack_0zygtc_._.js:2393:9)
    at processBinaryChunk (http://localhost:3000/_next/static/chunks/12h2_next_dist_compiled_react-server-dom-turbopack_0zygtc_._.js:2502:221)
    at progress (http://localhost:3000/_next/static/chunks/12h2_next_dist_compiled_react-server-dom-turbopack_0zygtc_._.js:2689:13)
[  866875ms] [LOG] [Fast Refresh] rebuilding @ http://localhost:3000/_next/static/chunks/12h2_next_dist_0nhaf9-._.js:2489
[  866940ms] [LOG] [Fast Refresh] done in 21ms @ http://localhost:3000/_next/static/chunks/12h2_next_dist_0nhaf9-._.js:2489
[  867187ms] [INFO] %cDownload the React DevTools for a better development experience: https://react.dev/link/react-devtools font-weight:bold @ http://localhost:3000/_next/static/chunks/12h2_next_dist_0nhaf9-._.js:2489
[  867223ms] [LOG] [HMR] connected @ http://localhost:3000/_next/static/chunks/12h2_next_dist_0nhaf9-._.js:2489
[  874913ms] [LOG] [Fast Refresh] rebuilding @ http://localhost:3000/_next/static/chunks/12h2_next_dist_0nhaf9-._.js:2489
[  874971ms] [LOG] [Fast Refresh] done in 21ms @ http://localhost:3000/_next/static/chunks/12h2_next_dist_0nhaf9-._.js:2489
[  897990ms] [LOG] [Fast Refresh] rebuilding @ http://localhost:3000/_next/static/chunks/12h2_next_dist_0nhaf9-._.js:2489
[  898096ms] [LOG] [Fast Refresh] done in 63ms @ http://localhost:3000/_next/static/chunks/12h2_next_dist_0nhaf9-._.js:2489
[  904613ms] [LOG] [Fast Refresh] rebuilding @ http://localhost:3000/_next/static/chunks/12h2_next_dist_0nhaf9-._.js:2489
[  904666ms] [LOG] [Fast Refresh] done in 21ms @ http://localhost:3000/_next/static/chunks/12h2_next_dist_0nhaf9-._.js:2489
[  909917ms] [LOG] [Fast Refresh] rebuilding @ http://localhost:3000/_next/static/chunks/12h2_next_dist_0nhaf9-._.js:2489
[  909963ms] [LOG] [Fast Refresh] done in 21ms @ http://localhost:3000/_next/static/chunks/12h2_next_dist_0nhaf9-._.js:2489
[ 1102724ms] [LOG] [Fast Refresh] rebuilding @ http://localhost:3000/_next/static/chunks/12h2_next_dist_0nhaf9-._.js:2489
[ 1102808ms] [LOG] [Fast Refresh] done in 29ms @ http://localhost:3000/_next/static/chunks/12h2_next_dist_0nhaf9-._.js:2489
[ 1200570ms] [LOG] [Fast Refresh] rebuilding @ http://localhost:3000/_next/static/chunks/12h2_next_dist_0nhaf9-._.js:2489
[ 1200669ms] [LOG] [Fast Refresh] done in 127ms @ http://localhost:3000/_next/static/chunks/12h2_next_dist_0nhaf9-._.js:2489
[ 1230348ms] [LOG] [Fast Refresh] rebuilding @ http://localhost:3000/_next/static/chunks/12h2_next_dist_0nhaf9-._.js:2489
[ 1230451ms] [LOG] [Fast Refresh] done in 127ms @ http://localhost:3000/_next/static/chunks/12h2_next_dist_0nhaf9-._.js:2489
[ 1234875ms] [LOG] [Fast Refresh] rebuilding @ http://localhost:3000/_next/static/chunks/12h2_next_dist_0nhaf9-._.js:2489
[ 1234920ms] [LOG] [Fast Refresh] done in 23ms @ http://localhost:3000/_next/static/chunks/12h2_next_dist_0nhaf9-._.js:2489
[ 1240590ms] [LOG] [Fast Refresh] rebuilding @ http://localhost:3000/_next/static/chunks/12h2_next_dist_0nhaf9-._.js:2489
[ 1240649ms] [LOG] [Fast Refresh] done in 22ms @ http://localhost:3000/_next/static/chunks/12h2_next_dist_0nhaf9-._.js:2489
[ 1259651ms] [LOG] [Fast Refresh] rebuilding @ http://localhost:3000/_next/static/chunks/12h2_next_dist_0nhaf9-._.js:2489
[ 1259713ms] [ERROR] ./app/landing/page.tsx:41:15
Expected '</', got 'jsx text'
  39 |           </h2>
  40 |           <Button variant="primary" className="mt-4 w-fit">
> 41 |         </div>
     |               ^^^^^^^^^^^^^^^^^^^^^^^^^^^^^^^^^^^^^^^^^^^^^^^^^^^^^^^^^^^^^^^^^^^^^^^^^^^^^^^^^^^^^^^^^^^^^^^^^^^^^^^^^^^^^^^^^^^^^^^^^^^^^^^^^^^^^^^^^^^^^^^^^^^^^^^^^^^^^^^^^^
> 42 |       </header>
     | ^^^^^^
  43 |       {/* scena rozpuszcza się w płaskim tle przy scrollu — handoff „Treść pod hero” */}
  44 |       <div className="mx-50">
  45 |

Parsing ecmascript source code failed @ http://localhost:3000/_next/static/chunks/12h2_next_dist_0nhaf9-._.js:3330
[ 1260730ms] [LOG] [Fast Refresh] rebuilding @ http://localhost:3000/_next/static/chunks/12h2_next_dist_0nhaf9-._.js:2489
[ 1260946ms] [LOG] [Fast Refresh] done in 292ms @ http://localhost:3000/_next/static/chunks/12h2_next_dist_0nhaf9-._.js:2489
[ 1261168ms] [LOG] [Fast Refresh] rebuilding @ http://localhost:3000/_next/static/chunks/12h2_next_dist_0nhaf9-._.js:2489
[ 1261212ms] [LOG] [Fast Refresh] done in 143ms @ http://localhost:3000/_next/static/chunks/12h2_next_dist_0nhaf9-._.js:2489
[ 1266256ms] [LOG] [Fast Refresh] rebuilding @ http://localhost:3000/_next/static/chunks/12h2_next_dist_0nhaf9-._.js:2489
[ 1266309ms] [LOG] [Fast Refresh] done in 23ms @ http://localhost:3000/_next/static/chunks/12h2_next_dist_0nhaf9-._.js:2489
[ 1276233ms] [LOG] [Fast Refresh] rebuilding @ http://localhost:3000/_next/static/chunks/12h2_next_dist_0nhaf9-._.js:2489
[ 1276298ms] [LOG] [Fast Refresh] done in 21ms @ http://localhost:3000/_next/static/chunks/12h2_next_dist_0nhaf9-._.js:2489
[ 1291511ms] [LOG] [Fast Refresh] rebuilding @ http://localhost:3000/_next/static/chunks/12h2_next_dist_0nhaf9-._.js:2489
[ 1291530ms] [LOG] [Fast Refresh] done in 120ms @ http://localhost:3000/_next/static/chunks/12h2_next_dist_0nhaf9-._.js:2489
[ 1307317ms] [LOG] [Fast Refresh] rebuilding @ http://localhost:3000/_next/static/chunks/12h2_next_dist_0nhaf9-._.js:2489
[ 1307522ms] [LOG] [Fast Refresh] done in 275ms @ http://localhost:3000/_next/static/chunks/12h2_next_dist_0nhaf9-._.js:2489
[ 1337598ms] [LOG] [Fast Refresh] rebuilding @ http://localhost:3000/_next/static/chunks/12h2_next_dist_0nhaf9-._.js:2489
[ 1337657ms] [LOG] [Fast Refresh] done in 22ms @ http://localhost:3000/_next/static/chunks/12h2_next_dist_0nhaf9-._.js:2489
[ 1337777ms] [LOG] [Fast Refresh] rebuilding @ http://localhost:3000/_next/static/chunks/12h2_next_dist_0nhaf9-._.js:2489
[ 1337797ms] [LOG] [Fast Refresh] done in 121ms @ http://localhost:3000/_next/static/chunks/12h2_next_dist_0nhaf9-._.js:2489
[ 1398182ms] [ERROR] WebSocket connection to 'ws://localhost:3000/_next/webpack-hmr?id=D6igT8oLDEu0BDGV_Hkat' failed: Error in connection establishment: net::ERR_CONNECTION_REFUSED @ http://localhost:3000/_next/static/chunks/12h2_next_dist_client_01rzcc_._.js:13422
[ 1399254ms] [LOG] [HMR] connected @ http://localhost:3000/_next/static/chunks/12h2_next_dist_0nhaf9-._.js:2489
[ 1400475ms] [INFO] %cDownload the React DevTools for a better development experience: https://react.dev/link/react-devtools font-weight:bold @ http://localhost:3000/_next/static/chunks/12h2_next_dist_0nhaf9-._.js:2489
[ 1400522ms] [LOG] [HMR] connected @ http://localhost:3000/_next/static/chunks/12h2_next_dist_0nhaf9-._.js:2489
[ 1400643ms] [LOG] [Fast Refresh] rebuilding @ http://localhost:3000/_next/static/chunks/12h2_next_dist_0nhaf9-._.js:2489
[ 1401381ms] [LOG] [Fast Refresh] done in 838ms @ http://localhost:3000/_next/static/chunks/12h2_next_dist_0nhaf9-._.js:2489
[ 1424967ms] [ERROR] WebSocket connection to 'ws://localhost:3000/_next/webpack-hmr?id=B8VWW5IimPIOfYfr3ko5R' failed: Error in connection establishment: net::ERR_CONNECTION_REFUSED @ http://localhost:3000/_next/static/chunks/12h2_next_dist_client_01rzcc_._.js:13422
[ 1426484ms] [LOG] [HMR] connected @ http://localhost:3000/_next/static/chunks/12h2_next_dist_0nhaf9-._.js:2489
[ 1427413ms] [INFO] %cDownload the React DevTools for a better development experience: https://react.dev/link/react-devtools font-weight:bold @ http://localhost:3000/_next/static/chunks/12h2_next_dist_0nhaf9-._.js:2489
[ 1427434ms] [LOG] [HMR] connected @ http://localhost:3000/_next/static/chunks/12h2_next_dist_0nhaf9-._.js:2489
[ 1428017ms] [LOG] [Fast Refresh] rebuilding @ http://localhost:3000/_next/static/chunks/12h2_next_dist_0nhaf9-._.js:2489
[ 1428019ms] [LOG] [Fast Refresh] done in 102ms @ http://localhost:3000/_next/static/chunks/12h2_next_dist_0nhaf9-._.js:2489
[ 1468458ms] [LOG] [Fast Refresh] rebuilding @ http://localhost:3000/_next/static/chunks/12h2_next_dist_0nhaf9-._.js:2489
[ 1468738ms] [LOG] [Fast Refresh] done in 321ms @ http://localhost:3000/_next/static/chunks/12h2_next_dist_0nhaf9-._.js:2489
[ 1471376ms] [LOG] [Fast Refresh] rebuilding @ http://localhost:3000/_next/static/chunks/12h2_next_dist_0nhaf9-._.js:2489
[ 1471462ms] [LOG] [Fast Refresh] done in 60ms @ http://localhost:3000/_next/static/chunks/12h2_next_dist_0nhaf9-._.js:2489
[ 1471580ms] [LOG] [Fast Refresh] rebuilding @ http://localhost:3000/_next/static/chunks/12h2_next_dist_0nhaf9-._.js:2489
[ 1471590ms] [LOG] [Fast Refresh] done in 110ms @ http://localhost:3000/_next/static/chunks/12h2_next_dist_0nhaf9-._.js:2489
[ 1477356ms] [LOG] [Fast Refresh] rebuilding @ http://localhost:3000/_next/static/chunks/12h2_next_dist_0nhaf9-._.js:2489
[ 1477452ms] [LOG] [Fast Refresh] done in 61ms @ http://localhost:3000/_next/static/chunks/12h2_next_dist_0nhaf9-._.js:2489
[ 1503528ms] [LOG] [Fast Refresh] rebuilding @ http://localhost:3000/_next/static/chunks/12h2_next_dist_0nhaf9-._.js:2489
[ 1503594ms] [LOG] [Fast Refresh] done in 30ms @ http://localhost:3000/_next/static/chunks/12h2_next_dist_0nhaf9-._.js:2489
[ 1509645ms] [LOG] [Fast Refresh] rebuilding @ http://localhost:3000/_next/static/chunks/12h2_next_dist_0nhaf9-._.js:2489
[ 1509726ms] [LOG] [Fast Refresh] done in 73ms @ http://localhost:3000/_next/static/chunks/12h2_next_dist_0nhaf9-._.js:2489
[ 1513743ms] [LOG] [Fast Refresh] rebuilding @ http://localhost:3000/_next/static/chunks/12h2_next_dist_0nhaf9-._.js:2489
[ 1513821ms] [LOG] [Fast Refresh] done in 56ms @ http://localhost:3000/_next/static/chunks/12h2_next_dist_0nhaf9-._.js:2489
[ 1516582ms] [LOG] [Fast Refresh] rebuilding @ http://localhost:3000/_next/static/chunks/12h2_next_dist_0nhaf9-._.js:2489
[ 1516663ms] [LOG] [Fast Refresh] done in 60ms @ http://localhost:3000/_next/static/chunks/12h2_next_dist_0nhaf9-._.js:2489
[ 1519013ms] [LOG] [Fast Refresh] rebuilding @ http://localhost:3000/_next/static/chunks/12h2_next_dist_0nhaf9-._.js:2489
[ 1519090ms] [LOG] [Fast Refresh] done in 118ms @ http://localhost:3000/_next/static/chunks/12h2_next_dist_0nhaf9-._.js:2489
[ 1519198ms] [LOG] [Fast Refresh] rebuilding @ http://localhost:3000/_next/static/chunks/12h2_next_dist_0nhaf9-._.js:2489
[ 1519215ms] [LOG] [Fast Refresh] done in 117ms @ http://localhost:3000/_next/static/chunks/12h2_next_dist_0nhaf9-._.js:2489
[ 1521187ms] [LOG] [Fast Refresh] rebuilding @ http://localhost:3000/_next/static/chunks/12h2_next_dist_0nhaf9-._.js:2489
[ 1521383ms] [LOG] [Fast Refresh] done in 54ms @ http://localhost:3000/_next/static/chunks/12h2_next_dist_0nhaf9-._.js:2489
[ 1523144ms] [LOG] [Fast Refresh] rebuilding @ http://localhost:3000/_next/static/chunks/12h2_next_dist_0nhaf9-._.js:2489
[ 1523224ms] [LOG] [Fast Refresh] done in 52ms @ http://localhost:3000/_next/static/chunks/12h2_next_dist_0nhaf9-._.js:2489
[ 1523331ms] [LOG] [Fast Refresh] rebuilding @ http://localhost:3000/_next/static/chunks/12h2_next_dist_0nhaf9-._.js:2489
[ 1523346ms] [LOG] [Fast Refresh] done in 114ms @ http://localhost:3000/_next/static/chunks/12h2_next_dist_0nhaf9-._.js:2489
[ 1533036ms] [LOG] [Fast Refresh] rebuilding @ http://localhost:3000/_next/static/chunks/12h2_next_dist_0nhaf9-._.js:2489
[ 1533240ms] [LOG] [Fast Refresh] done in 49ms @ http://localhost:3000/_next/static/chunks/12h2_next_dist_0nhaf9-._.js:2489
[ 1535903ms] [LOG] [Fast Refresh] rebuilding @ http://localhost:3000/_next/static/chunks/12h2_next_dist_0nhaf9-._.js:2489
[ 1535999ms] [LOG] [Fast Refresh] done in 60ms @ http://localhost:3000/_next/static/chunks/12h2_next_dist_0nhaf9-._.js:2489
[ 1684758ms] [LOG] [Fast Refresh] rebuilding @ http://localhost:3000/_next/static/chunks/12h2_next_dist_0nhaf9-._.js:2489
[ 1684820ms] [LOG] [Fast Refresh] done in 29ms @ http://localhost:3000/_next/static/chunks/12h2_next_dist_0nhaf9-._.js:2489
[ 1708190ms] [LOG] [Fast Refresh] rebuilding @ http://localhost:3000/_next/static/chunks/12h2_next_dist_0nhaf9-._.js:2489
[ 1708250ms] [LOG] [Fast Refresh] done in 45ms @ http://localhost:3000/_next/static/chunks/12h2_next_dist_0nhaf9-._.js:2489
[ 1708356ms] [LOG] [Fast Refresh] rebuilding @ http://localhost:3000/_next/static/chunks/12h2_next_dist_0nhaf9-._.js:2489
[ 1708374ms] [LOG] [Fast Refresh] done in 119ms @ http://localhost:3000/_next/static/chunks/12h2_next_dist_0nhaf9-._.js:2489
[ 1719495ms] [ERROR] ./app/landing/page.tsx:81:1
Unexpected token. Did you mean `{'}'}` or `&rbrace;`?
  79 |     </div>
  80 |   )
> 81 | }
     | ^

Parsing ecmascript source code failed @ http://localhost:3000/_next/static/chunks/12h2_next_dist_0nhaf9-._.js:3330
[ 1719547ms] [ERROR] ./app/landing/page.tsx:81:1
Unexpected token. Did you mean `{'}'}` or `&rbrace;`?
  79 |     </div>
  80 |   )
> 81 | }
     | ^

Parsing ecmascript source code failed @ http://localhost:3000/_next/static/chunks/12h2_next_dist_0nhaf9-._.js:3330
[ 1719615ms] [LOG] [Fast Refresh] rebuilding @ http://localhost:3000/_next/static/chunks/12h2_next_dist_0nhaf9-._.js:2489
[ 1722741ms] [LOG] [Fast Refresh] rebuilding @ http://localhost:3000/_next/static/chunks/12h2_next_dist_0nhaf9-._.js:2489
[ 1722751ms] [LOG] [Fast Refresh] done in 57ms @ http://localhost:3000/_next/static/chunks/12h2_next_dist_0nhaf9-._.js:2489
[ 1722901ms] [LOG] [Fast Refresh] rebuilding @ http://localhost:3000/_next/static/chunks/12h2_next_dist_0nhaf9-._.js:2489
[ 1722968ms] [LOG] [Fast Refresh] done in 167ms @ http://localhost:3000/_next/static/chunks/12h2_next_dist_0nhaf9-._.js:2489
[ 1785933ms] [LOG] [Fast Refresh] rebuilding @ http://localhost:3000/_next/static/chunks/12h2_next_dist_0nhaf9-._.js:2489
[ 1786010ms] [LOG] [Fast Refresh] done in 26ms @ http://localhost:3000/_next/static/chunks/12h2_next_dist_0nhaf9-._.js:2489
[ 1786132ms] [LOG] [Fast Refresh] rebuilding @ http://localhost:3000/_next/static/chunks/12h2_next_dist_0nhaf9-._.js:2489
[ 1786134ms] [LOG] [Fast Refresh] done in 103ms @ http://localhost:3000/_next/static/chunks/12h2_next_dist_0nhaf9-._.js:2489
[ 1802490ms] [LOG] [Fast Refresh] rebuilding @ http://localhost:3000/_next/static/chunks/12h2_next_dist_0nhaf9-._.js:2489
[ 1802557ms] [LOG] [Fast Refresh] done in 26ms @ http://localhost:3000/_next/static/chunks/12h2_next_dist_0nhaf9-._.js:2489
[ 1802661ms] [LOG] [Fast Refresh] rebuilding @ http://localhost:3000/_next/static/chunks/12h2_next_dist_0nhaf9-._.js:2489
[ 1802674ms] [LOG] [Fast Refresh] done in 114ms @ http://localhost:3000/_next/static/chunks/12h2_next_dist_0nhaf9-._.js:2489
[ 1855334ms] [LOG] [Fast Refresh] rebuilding @ http://localhost:3000/_next/static/chunks/12h2_next_dist_0nhaf9-._.js:2489
[ 1855355ms] [LOG] [Fast Refresh] done in 51ms @ http://localhost:3000/_next/static/chunks/12h2_next_dist_0nhaf9-._.js:2489
[ 1857418ms] [LOG] [Fast Refresh] rebuilding @ http://localhost:3000/_next/static/chunks/12h2_next_dist_0nhaf9-._.js:2489
[ 1857440ms] [LOG] [Fast Refresh] done in 37ms @ http://localhost:3000/_next/static/chunks/12h2_next_dist_0nhaf9-._.js:2489
[ 1860419ms] [LOG] [Fast Refresh] rebuilding @ http://localhost:3000/_next/static/chunks/12h2_next_dist_0nhaf9-._.js:2489
[ 1860443ms] [LOG] [Fast Refresh] done in 32ms @ http://localhost:3000/_next/static/chunks/12h2_next_dist_0nhaf9-._.js:2489
[ 1862176ms] [LOG] [Fast Refresh] rebuilding @ http://localhost:3000/_next/static/chunks/12h2_next_dist_0nhaf9-._.js:2489
[ 1862198ms] [LOG] [Fast Refresh] done in 41ms @ http://localhost:3000/_next/static/chunks/12h2_next_dist_0nhaf9-._.js:2489
[ 1864574ms] [LOG] [Fast Refresh] rebuilding @ http://localhost:3000/_next/static/chunks/12h2_next_dist_0nhaf9-._.js:2489
[ 1864596ms] [LOG] [Fast Refresh] done in 32ms @ http://localhost:3000/_next/static/chunks/12h2_next_dist_0nhaf9-._.js:2489
[ 1867204ms] [LOG] [Fast Refresh] rebuilding @ http://localhost:3000/_next/static/chunks/12h2_next_dist_0nhaf9-._.js:2489
[ 1867226ms] [LOG] [Fast Refresh] done in 33ms @ http://localhost:3000/_next/static/chunks/12h2_next_dist_0nhaf9-._.js:2489
[ 1869542ms] [LOG] [Fast Refresh] rebuilding @ http://localhost:3000/_next/static/chunks/12h2_next_dist_0nhaf9-._.js:2489
[ 1869563ms] [LOG] [Fast Refresh] done in 35ms @ http://localhost:3000/_next/static/chunks/12h2_next_dist_0nhaf9-._.js:2489
[ 1875364ms] [LOG] [Fast Refresh] rebuilding @ http://localhost:3000/_next/static/chunks/12h2_next_dist_0nhaf9-._.js:2489
[ 1875385ms] [LOG] [Fast Refresh] done in 33ms @ http://localhost:3000/_next/static/chunks/12h2_next_dist_0nhaf9-._.js:2489
[ 1877974ms] [LOG] [Fast Refresh] rebuilding @ http://localhost:3000/_next/static/chunks/12h2_next_dist_0nhaf9-._.js:2489
[ 1877996ms] [LOG] [Fast Refresh] done in 38ms @ http://localhost:3000/_next/static/chunks/12h2_next_dist_0nhaf9-._.js:2489
[ 1878918ms] [LOG] [Fast Refresh] rebuilding @ http://localhost:3000/_next/static/chunks/12h2_next_dist_0nhaf9-._.js:2489
[ 1878940ms] [LOG] [Fast Refresh] done in 35ms @ http://localhost:3000/_next/static/chunks/12h2_next_dist_0nhaf9-._.js:2489
[ 1880393ms] [LOG] [Fast Refresh] rebuilding @ http://localhost:3000/_next/static/chunks/12h2_next_dist_0nhaf9-._.js:2489
[ 1880414ms] [LOG] [Fast Refresh] done in 35ms @ http://localhost:3000/_next/static/chunks/12h2_next_dist_0nhaf9-._.js:2489
[ 1916164ms] [LOG] [Fast Refresh] rebuilding @ http://localhost:3000/_next/static/chunks/12h2_next_dist_0nhaf9-._.js:2489
[ 1916185ms] [LOG] [Fast Refresh] done in 34ms @ http://localhost:3000/_next/static/chunks/12h2_next_dist_0nhaf9-._.js:2489
[ 1919317ms] [LOG] [Fast Refresh] rebuilding @ http://localhost:3000/_next/static/chunks/12h2_next_dist_0nhaf9-._.js:2489
[ 1919338ms] [LOG] [Fast Refresh] done in 37ms @ http://localhost:3000/_next/static/chunks/12h2_next_dist_0nhaf9-._.js:2489
[ 1921780ms] [LOG] [Fast Refresh] rebuilding @ http://localhost:3000/_next/static/chunks/12h2_next_dist_0nhaf9-._.js:2489
[ 1921803ms] [LOG] [Fast Refresh] done in 34ms @ http://localhost:3000/_next/static/chunks/12h2_next_dist_0nhaf9-._.js:2489
[ 1927094ms] [LOG] [Fast Refresh] rebuilding @ http://localhost:3000/_next/static/chunks/12h2_next_dist_0nhaf9-._.js:2489
[ 1927115ms] [LOG] [Fast Refresh] done in 34ms @ http://localhost:3000/_next/static/chunks/12h2_next_dist_0nhaf9-._.js:2489
[ 1929039ms] [LOG] [Fast Refresh] rebuilding @ http://localhost:3000/_next/static/chunks/12h2_next_dist_0nhaf9-._.js:2489
[ 1929058ms] [LOG] [Fast Refresh] done in 36ms @ http://localhost:3000/_next/static/chunks/12h2_next_dist_0nhaf9-._.js:2489
[ 2079610ms] [LOG] [Fast Refresh] rebuilding @ http://localhost:3000/_next/static/chunks/12h2_next_dist_0nhaf9-._.js:2489
[ 2079648ms] [LOG] [Fast Refresh] done in 22ms @ http://localhost:3000/_next/static/chunks/12h2_next_dist_0nhaf9-._.js:2489
[ 2079749ms] [LOG] [Fast Refresh] rebuilding @ http://localhost:3000/_next/static/chunks/12h2_next_dist_0nhaf9-._.js:2489
[ 2079801ms] [LOG] [Fast Refresh] done in 152ms @ http://localhost:3000/_next/static/chunks/12h2_next_dist_0nhaf9-._.js:2489
[ 2079835ms] ReferenceError: Chip is not defined
    at LandingPage (about://React/Server/file:///home/oskark/Projects/oskark-landing/.next/dev/server/chunks/ssr/%255Broot-of-the-server%255D__0-9sw6d._.js?id=%255Bproject%255D%252Fapp%252Flanding%252Fpage.tsx+%255Bapp-rsc%255D+%2528ecmascript%2529?54:163:480)
    at resolveErrorDev (http://localhost:3000/_next/static/chunks/12h2_next_dist_compiled_react-server-dom-turbopack_0zygtc_._.js:1919:150)
    at processFullStringRow (http://localhost:3000/_next/static/chunks/12h2_next_dist_compiled_react-server-dom-turbopack_0zygtc_._.js:2434:29)
    at processFullBinaryRow (http://localhost:3000/_next/static/chunks/12h2_next_dist_compiled_react-server-dom-turbopack_0zygtc_._.js:2393:9)
    at processBinaryChunk (http://localhost:3000/_next/static/chunks/12h2_next_dist_compiled_react-server-dom-turbopack_0zygtc_._.js:2502:221)
    at progress (http://localhost:3000/_next/static/chunks/12h2_next_dist_compiled_react-server-dom-turbopack_0zygtc_._.js:2689:13)
[ 2080627ms] [LOG] [Fast Refresh] rebuilding @ http://localhost:3000/_next/static/chunks/12h2_next_dist_0nhaf9-._.js:2489
[ 2080670ms] [LOG] [Fast Refresh] done in 29ms @ http://localhost:3000/_next/static/chunks/12h2_next_dist_0nhaf9-._.js:2489
[ 2080817ms] [LOG] [Fast Refresh] rebuilding @ http://localhost:3000/_next/static/chunks/12h2_next_dist_0nhaf9-._.js:2489
[ 2080840ms] [LOG] [Fast Refresh] done in 124ms @ http://localhost:3000/_next/static/chunks/12h2_next_dist_0nhaf9-._.js:2489
[ 2081002ms] [ERROR] Failed to load resource: the server responded with a status of 500 (Internal Server Error) @ http://localhost:3000/landing:0
[ 2081065ms] [INFO] %cDownload the React DevTools for a better development experience: https://react.dev/link/react-devtools font-weight:bold @ http://localhost:3000/_next/static/chunks/12h2_next_dist_0nhaf9-._.js:2489
[ 2081089ms] [LOG] [HMR] connected @ http://localhost:3000/_next/static/chunks/12h2_next_dist_0nhaf9-._.js:2489
[ 2081123ms] ReferenceError: Chip is not defined
    at LandingPage (about://React/Server/file:///home/oskark/Projects/oskark-landing/.next/dev/server/chunks/ssr/%255Broot-of-the-server%255D__0-9sw6d._.js?id=%255Bproject%255D%252Fapp%252Flanding%252Fpage.tsx+%255Bapp-rsc%255D+%2528ecmascript%2529?0:163:480)
    at resolveErrorDev (http://localhost:3000/_next/static/chunks/12h2_next_dist_compiled_react-server-dom-turbopack_0zygtc_._.js:1919:105)
    at processFullStringRow (http://localhost:3000/_next/static/chunks/12h2_next_dist_compiled_react-server-dom-turbopack_0zygtc_._.js:2434:29)
    at processFullBinaryRow (http://localhost:3000/_next/static/chunks/12h2_next_dist_compiled_react-server-dom-turbopack_0zygtc_._.js:2393:9)
    at processBinaryChunk (http://localhost:3000/_next/static/chunks/12h2_next_dist_compiled_react-server-dom-turbopack_0zygtc_._.js:2502:221)
    at progress (http://localhost:3000/_next/static/chunks/12h2_next_dist_compiled_react-server-dom-turbopack_0zygtc_._.js:2689:13)
[ 2084215ms] [LOG] [Fast Refresh] rebuilding @ http://localhost:3000/_next/static/chunks/12h2_next_dist_0nhaf9-._.js:2489
[ 2084638ms] [LOG] [Fast Refresh] done in 247ms @ http://localhost:3000/_next/static/chunks/12h2_next_dist_0nhaf9-._.js:2489
[ 2084792ms] [ERROR] Failed to load resource: the server responded with a status of 500 (Internal Server Error) @ http://localhost:3000/landing:0
[ 2084858ms] [INFO] %cDownload the React DevTools for a better development experience: https://react.dev/link/react-devtools font-weight:bold @ http://localhost:3000/_next/static/chunks/12h2_next_dist_0nhaf9-._.js:2489
[ 2084874ms] [LOG] [HMR] connected @ http://localhost:3000/_next/static/chunks/12h2_next_dist_0nhaf9-._.js:2489
[ 2084900ms] ReferenceError: Chip is not defined
    at LandingPage (about://React/Server/file:///home/oskark/Projects/oskark-landing/.next/dev/server/chunks/ssr/%255Broot-of-the-server%255D__0-9sw6d._.js?id=%255Bproject%255D%252Fapp%252Flanding%252Fpage.tsx+%255Bapp-rsc%255D+%2528ecmascript%2529?0:163:480)
    at resolveErrorDev (http://localhost:3000/_next/static/chunks/12h2_next_dist_compiled_react-server-dom-turbopack_0zygtc_._.js:1919:105)
    at processFullStringRow (http://localhost:3000/_next/static/chunks/12h2_next_dist_compiled_react-server-dom-turbopack_0zygtc_._.js:2434:29)
    at processFullBinaryRow (http://localhost:3000/_next/static/chunks/12h2_next_dist_compiled_react-server-dom-turbopack_0zygtc_._.js:2393:9)
    at processBinaryChunk (http://localhost:3000/_next/static/chunks/12h2_next_dist_compiled_react-server-dom-turbopack_0zygtc_._.js:2502:221)
    at progress (http://localhost:3000/_next/static/chunks/12h2_next_dist_compiled_react-server-dom-turbopack_0zygtc_._.js:2689:13)
[ 2084995ms] [LOG] [Fast Refresh] rebuilding @ http://localhost:3000/_next/static/chunks/12h2_next_dist_0nhaf9-._.js:2489
[ 2085014ms] [LOG] [Fast Refresh] done in 119ms @ http://localhost:3000/_next/static/chunks/12h2_next_dist_0nhaf9-._.js:2489
[ 2085117ms] [LOG] [Fast Refresh] rebuilding @ http://localhost:3000/_next/static/chunks/12h2_next_dist_0nhaf9-._.js:2489
[ 2085126ms] [LOG] [Fast Refresh] done in 109ms @ http://localhost:3000/_next/static/chunks/12h2_next_dist_0nhaf9-._.js:2489
[ 2112494ms] [LOG] [Fast Refresh] rebuilding @ http://localhost:3000/_next/static/chunks/12h2_next_dist_0nhaf9-._.js:2489
[ 2112864ms] [LOG] [Fast Refresh] done in 115ms @ http://localhost:3000/_next/static/chunks/12h2_next_dist_0nhaf9-._.js:2489
[ 2113034ms] [LOG] [Fast Refresh] rebuilding @ http://localhost:3000/_next/static/chunks/12h2_next_dist_0nhaf9-._.js:2489
[ 2113064ms] [LOG] [Fast Refresh] done in 130ms @ http://localhost:3000/_next/static/chunks/12h2_next_dist_0nhaf9-._.js:2489
[ 2113206ms] [INFO] %cDownload the React DevTools for a better development experience: https://react.dev/link/react-devtools font-weight:bold @ http://localhost:3000/_next/static/chunks/12h2_next_dist_0nhaf9-._.js:2489
[ 2113255ms] [LOG] [HMR] connected @ http://localhost:3000/_next/static/chunks/12h2_next_dist_0nhaf9-._.js:2489
[ 2113395ms] [LOG] [Fast Refresh] rebuilding @ http://localhost:3000/_next/static/chunks/12h2_next_dist_0nhaf9-._.js:2489
[ 2113458ms] [LOG] [Fast Refresh] done in 164ms @ http://localhost:3000/_next/static/chunks/12h2_next_dist_0nhaf9-._.js:2489
[ 2118398ms] [LOG] [Fast Refresh] rebuilding @ http://localhost:3000/_next/static/chunks/12h2_next_dist_0nhaf9-._.js:2489
[ 2118452ms] [LOG] [Fast Refresh] done in 33ms @ http://localhost:3000/_next/static/chunks/12h2_next_dist_0nhaf9-._.js:2489
[ 2119002ms] [LOG] [Fast Refresh] rebuilding @ http://localhost:3000/_next/static/chunks/12h2_next_dist_0nhaf9-._.js:2489
[ 2119006ms] [LOG] [Fast Refresh] done in 105ms @ http://localhost:3000/_next/static/chunks/12h2_next_dist_0nhaf9-._.js:2489
[ 2119109ms] [LOG] [Fast Refresh] rebuilding @ http://localhost:3000/_next/static/chunks/12h2_next_dist_0nhaf9-._.js:2489
[ 2119119ms] [LOG] [Fast Refresh] done in 111ms @ http://localhost:3000/_next/static/chunks/12h2_next_dist_0nhaf9-._.js:2489
[ 2122893ms] [LOG] [Fast Refresh] rebuilding @ http://localhost:3000/_next/static/chunks/12h2_next_dist_0nhaf9-._.js:2489
[ 2122965ms] [LOG] [Fast Refresh] done in 29ms @ http://localhost:3000/_next/static/chunks/12h2_next_dist_0nhaf9-._.js:2489
[ 2123078ms] [LOG] [Fast Refresh] rebuilding @ http://localhost:3000/_next/static/chunks/12h2_next_dist_0nhaf9-._.js:2489
[ 2123090ms] [LOG] [Fast Refresh] done in 112ms @ http://localhost:3000/_next/static/chunks/12h2_next_dist_0nhaf9-._.js:2489
[ 2127099ms] [LOG] [Fast Refresh] rebuilding @ http://localhost:3000/_next/static/chunks/12h2_next_dist_0nhaf9-._.js:2489
[ 2127179ms] [LOG] [Fast Refresh] done in 27ms @ http://localhost:3000/_next/static/chunks/12h2_next_dist_0nhaf9-._.js:2489
[ 2127284ms] [LOG] [Fast Refresh] rebuilding @ http://localhost:3000/_next/static/chunks/12h2_next_dist_0nhaf9-._.js:2489
[ 2127292ms] [LOG] [Fast Refresh] done in 107ms @ http://localhost:3000/_next/static/chunks/12h2_next_dist_0nhaf9-._.js:2489
[ 2142186ms] [LOG] [Fast Refresh] rebuilding @ http://localhost:3000/_next/static/chunks/12h2_next_dist_0nhaf9-._.js:2489
[ 2142272ms] [LOG] [Fast Refresh] done in 26ms @ http://localhost:3000/_next/static/chunks/12h2_next_dist_0nhaf9-._.js:2489
[ 2144228ms] [LOG] [Fast Refresh] rebuilding @ http://localhost:3000/_next/static/chunks/12h2_next_dist_0nhaf9-._.js:2489
[ 2144297ms] [LOG] [Fast Refresh] done in 28ms @ http://localhost:3000/_next/static/chunks/12h2_next_dist_0nhaf9-._.js:2489
[ 2144401ms] [LOG] [Fast Refresh] rebuilding @ http://localhost:3000/_next/static/chunks/12h2_next_dist_0nhaf9-._.js:2489
[ 2144403ms] [LOG] [Fast Refresh] done in 103ms @ http://localhost:3000/_next/static/chunks/12h2_next_dist_0nhaf9-._.js:2489
[ 2169450ms] [LOG] [Fast Refresh] rebuilding @ http://localhost:3000/_next/static/chunks/12h2_next_dist_0nhaf9-._.js:2489
[ 2169500ms] [LOG] [Fast Refresh] done in 24ms @ http://localhost:3000/_next/static/chunks/12h2_next_dist_0nhaf9-._.js:2489
[ 2169623ms] [LOG] [Fast Refresh] rebuilding @ http://localhost:3000/_next/static/chunks/12h2_next_dist_0nhaf9-._.js:2489
[ 2169629ms] [LOG] [Fast Refresh] done in 107ms @ http://localhost:3000/_next/static/chunks/12h2_next_dist_0nhaf9-._.js:2489
[ 2177238ms] [LOG] [Fast Refresh] rebuilding @ http://localhost:3000/_next/static/chunks/12h2_next_dist_0nhaf9-._.js:2489
[ 2177283ms] [LOG] [Fast Refresh] done in 28ms @ http://localhost:3000/_next/static/chunks/12h2_next_dist_0nhaf9-._.js:2489
[ 2177387ms] [LOG] [Fast Refresh] rebuilding @ http://localhost:3000/_next/static/chunks/12h2_next_dist_0nhaf9-._.js:2489
[ 2177412ms] [LOG] [Fast Refresh] done in 125ms @ http://localhost:3000/_next/static/chunks/12h2_next_dist_0nhaf9-._.js:2489
[ 2690005ms] [LOG] [Fast Refresh] rebuilding @ http://localhost:3000/_next/static/chunks/12h2_next_dist_0nhaf9-._.js:2489
[ 2690065ms] [LOG] [Fast Refresh] done in 23ms @ http://localhost:3000/_next/static/chunks/12h2_next_dist_0nhaf9-._.js:2489
[ 2693795ms] [LOG] [Fast Refresh] rebuilding @ http://localhost:3000/_next/static/chunks/12h2_next_dist_0nhaf9-._.js:2489
[ 2693852ms] [LOG] [Fast Refresh] done in 25ms @ http://localhost:3000/_next/static/chunks/12h2_next_dist_0nhaf9-._.js:2489
[ 2709329ms] [LOG] [Fast Refresh] rebuilding @ http://localhost:3000/_next/static/chunks/12h2_next_dist_0nhaf9-._.js:2489
[ 2709377ms] [LOG] [Fast Refresh] done in 24ms @ http://localhost:3000/_next/static/chunks/12h2_next_dist_0nhaf9-._.js:2489
[ 2709497ms] [LOG] [Fast Refresh] rebuilding @ http://localhost:3000/_next/static/chunks/12h2_next_dist_0nhaf9-._.js:2489
[ 2709522ms] [LOG] [Fast Refresh] done in 125ms @ http://localhost:3000/_next/static/chunks/12h2_next_dist_0nhaf9-._.js:2489
[ 2709546ms] ReferenceError: Image is not defined
    at LandingPage (about://React/Server/file:///home/oskark/Projects/oskark-landing/.next/dev/server/chunks/ssr/%255Broot-of-the-server%255D__0ufsgiw._.js?id=%255Bproject%255D%252Fapp%252Flanding%252Fpage.tsx+%255Bapp-rsc%255D+%2528ecmascript%2529?106:249:486)
    at resolveErrorDev (http://localhost:3000/_next/static/chunks/12h2_next_dist_compiled_react-server-dom-turbopack_0zygtc_._.js:1919:150)
    at processFullStringRow (http://localhost:3000/_next/static/chunks/12h2_next_dist_compiled_react-server-dom-turbopack_0zygtc_._.js:2434:29)
    at processFullBinaryRow (http://localhost:3000/_next/static/chunks/12h2_next_dist_compiled_react-server-dom-turbopack_0zygtc_._.js:2393:9)
    at processBinaryChunk (http://localhost:3000/_next/static/chunks/12h2_next_dist_compiled_react-server-dom-turbopack_0zygtc_._.js:2502:221)
    at progress (http://localhost:3000/_next/static/chunks/12h2_next_dist_compiled_react-server-dom-turbopack_0zygtc_._.js:2689:13)
[ 2729394ms] [LOG] [Fast Refresh] rebuilding @ http://localhost:3000/_next/static/chunks/12h2_next_dist_0nhaf9-._.js:2489
[ 2729637ms] [WARNING] [Fast Refresh] performing full reload because your application had an unrecoverable error @ http://localhost:3000/_next/static/chunks/12h2_next_dist_0nhaf9-._.js:2489
[ 2729654ms] [LOG] [Fast Refresh] done in 335ms @ http://localhost:3000/_next/static/chunks/12h2_next_dist_0nhaf9-._.js:2489
[ 2729754ms] [LOG] [Fast Refresh] rebuilding @ http://localhost:3000/_next/static/chunks/12h2_next_dist_0nhaf9-._.js:2489
[ 2729758ms] [LOG] [Fast Refresh] done in 103ms @ http://localhost:3000/_next/static/chunks/12h2_next_dist_0nhaf9-._.js:2489
[ 2730249ms] [ERROR] Failed to load resource: the server responded with a status of 500 (Internal Server Error) @ http://localhost:3000/landing:0
[ 2730415ms] [INFO] %cDownload the React DevTools for a better development experience: https://react.dev/link/react-devtools font-weight:bold @ http://localhost:3000/_next/static/chunks/12h2_next_dist_0nhaf9-._.js:2489
[ 2730445ms] [LOG] [HMR] connected @ http://localhost:3000/_next/static/chunks/12h2_next_dist_0nhaf9-._.js:2489
[ 2730514ms] Error: Image with src "/images/profile.jpg" is missing required "width" property.
    at getImgProps (http://localhost:3000/_next/static/chunks/12h2_next_dist_1hpchfz._.js:913:49)
    at http://localhost:3000/_next/static/chunks/12h2_next_dist_1hpchfz._.js:3439:82
    at Object.react_stack_bottom_frame (http://localhost:3000/_next/static/chunks/12h2_next_dist_compiled_react-dom_0j6ruov._.js:15037:24)
    at renderWithHooks (http://localhost:3000/_next/static/chunks/12h2_next_dist_compiled_react-dom_0j6ruov._.js:4620:24)
    at updateForwardRef (http://localhost:3000/_next/static/chunks/12h2_next_dist_compiled_react-dom_0j6ruov._.js:5908:21)
    at beginWork (http://localhost:3000/_next/static/chunks/12h2_next_dist_compiled_react-dom_0j6ruov._.js:6671:46)
    at runWithFiberInDEV (http://localhost:3000/_next/static/chunks/12h2_next_dist_compiled_react-dom_0j6ruov._.js:965:74)
    at performUnitOfWork (http://localhost:3000/_next/static/chunks/12h2_next_dist_compiled_react-dom_0j6ruov._.js:9555:97)
    at workLoopSync (http://localhost:3000/_next/static/chunks/12h2_next_dist_compiled_react-dom_0j6ruov._.js:9449:40)
    at renderRootSync (http://localhost:3000/_next/static/chunks/12h2_next_dist_compiled_react-dom_0j6ruov._.js:9433:13)
    at performWorkOnRoot (http://localhost:3000/_next/static/chunks/12h2_next_dist_compiled_react-dom_0j6ruov._.js:9098:47)
    at performWorkOnRootViaSchedulerTask (http://localhost:3000/_next/static/chunks/12h2_next_dist_compiled_react-dom_0j6ruov._.js:10255:9)
    at MessagePort.performWorkUntilDeadline (http://localhost:3000/_next/static/chunks/12h2_next_dist_compiled_1hc7dbq._.js:2647:64)
[ 2743463ms] [LOG] [Fast Refresh] rebuilding @ http://localhost:3000/_next/static/chunks/12h2_next_dist_0nhaf9-._.js:2489
[ 2743538ms] [LOG] [Fast Refresh] done in 26ms @ http://localhost:3000/_next/static/chunks/12h2_next_dist_0nhaf9-._.js:2489
[ 2743756ms] [ERROR] Failed to load resource: the server responded with a status of 500 (Internal Server Error) @ http://localhost:3000/landing:0
[ 2743781ms] [INFO] %cDownload the React DevTools for a better development experience: https://react.dev/link/react-devtools font-weight:bold @ http://localhost:3000/_next/static/chunks/12h2_next_dist_0nhaf9-._.js:2489
[ 2743795ms] [LOG] [HMR] connected @ http://localhost:3000/_next/static/chunks/12h2_next_dist_0nhaf9-._.js:2489
[ 2743843ms] Error: Image with src "/images/profile.png" is missing required "width" property.
    at getImgProps (http://localhost:3000/_next/static/chunks/12h2_next_dist_1hpchfz._.js:913:49)
    at http://localhost:3000/_next/static/chunks/12h2_next_dist_1hpchfz._.js:3439:82
    at Object.react_stack_bottom_frame (http://localhost:3000/_next/static/chunks/12h2_next_dist_compiled_react-dom_0j6ruov._.js:15037:24)
    at renderWithHooks (http://localhost:3000/_next/static/chunks/12h2_next_dist_compiled_react-dom_0j6ruov._.js:4620:24)
    at updateForwardRef (http://localhost:3000/_next/static/chunks/12h2_next_dist_compiled_react-dom_0j6ruov._.js:5908:21)
    at beginWork (http://localhost:3000/_next/static/chunks/12h2_next_dist_compiled_react-dom_0j6ruov._.js:6671:46)
    at runWithFiberInDEV (http://localhost:3000/_next/static/chunks/12h2_next_dist_compiled_react-dom_0j6ruov._.js:965:74)
    at performUnitOfWork (http://localhost:3000/_next/static/chunks/12h2_next_dist_compiled_react-dom_0j6ruov._.js:9555:97)
    at workLoopSync (http://localhost:3000/_next/static/chunks/12h2_next_dist_compiled_react-dom_0j6ruov._.js:9449:40)
    at renderRootSync (http://localhost:3000/_next/static/chunks/12h2_next_dist_compiled_react-dom_0j6ruov._.js:9433:13)
    at performWorkOnRoot (http://localhost:3000/_next/static/chunks/12h2_next_dist_compiled_react-dom_0j6ruov._.js:9098:47)
    at performWorkOnRootViaSchedulerTask (http://localhost:3000/_next/static/chunks/12h2_next_dist_compiled_react-dom_0j6ruov._.js:10255:9)
    at MessagePort.performWorkUntilDeadline (http://localhost:3000/_next/static/chunks/12h2_next_dist_compiled_1hc7dbq._.js:2647:64)
[ 2755376ms] [LOG] [Fast Refresh] rebuilding @ http://localhost:3000/_next/static/chunks/12h2_next_dist_0nhaf9-._.js:2489
[ 2755447ms] [LOG] [Fast Refresh] done in 25ms @ http://localhost:3000/_next/static/chunks/12h2_next_dist_0nhaf9-._.js:2489
[ 2755631ms] [INFO] %cDownload the React DevTools for a better development experience: https://react.dev/link/react-devtools font-weight:bold @ http://localhost:3000/_next/static/chunks/12h2_next_dist_0nhaf9-._.js:2489
[ 2755668ms] [LOG] [HMR] connected @ http://localhost:3000/_next/static/chunks/12h2_next_dist_0nhaf9-._.js:2489
[ 2755805ms] [ERROR] Failed to load resource: the server responded with a status of 400 (Bad Request) @ http://localhost:3000/_next/image?url=%2Fimages%2Fprofile.png&w=256&q=75:0
[ 2755881ms] [LOG] [Fast Refresh] rebuilding @ http://localhost:3000/_next/static/chunks/12h2_next_dist_0nhaf9-._.js:2489
[ 2755910ms] [LOG] [Fast Refresh] done in 129ms @ http://localhost:3000/_next/static/chunks/12h2_next_dist_0nhaf9-._.js:2489
[ 2760531ms] [LOG] [Fast Refresh] rebuilding @ http://localhost:3000/_next/static/chunks/12h2_next_dist_0nhaf9-._.js:2489
[ 2760572ms] [LOG] [Fast Refresh] done in 25ms @ http://localhost:3000/_next/static/chunks/12h2_next_dist_0nhaf9-._.js:2489
[ 2760676ms] [LOG] [Fast Refresh] rebuilding @ http://localhost:3000/_next/static/chunks/12h2_next_dist_0nhaf9-._.js:2489
[ 2760703ms] [LOG] [Fast Refresh] done in 126ms @ http://localhost:3000/_next/static/chunks/12h2_next_dist_0nhaf9-._.js:2489
[ 2760947ms] [WARNING] Image with src "/profile.png" has either width or height modified, but not the other. If you use CSS to change the size of your image, also include the styles 'width: "auto"' or 'height: "auto"' to maintain the aspect ratio. @ http://localhost:3000/_next/static/chunks/12h2_next_dist_0nhaf9-._.js:2489
[ 2767530ms] [LOG] [Fast Refresh] rebuilding @ http://localhost:3000/_next/static/chunks/12h2_next_dist_0nhaf9-._.js:2489
[ 2767571ms] [LOG] [Fast Refresh] done in 24ms @ http://localhost:3000/_next/static/chunks/12h2_next_dist_0nhaf9-._.js:2489
[ 2767673ms] [LOG] [Fast Refresh] rebuilding @ http://localhost:3000/_next/static/chunks/12h2_next_dist_0nhaf9-._.js:2489
[ 2767698ms] [LOG] [Fast Refresh] done in 125ms @ http://localhost:3000/_next/static/chunks/12h2_next_dist_0nhaf9-._.js:2489
[ 2767721ms] Error: Image with src "/profile.png" is missing required "width" property.
    at getImgProps (http://localhost:3000/_next/static/chunks/12h2_next_dist_1hpchfz._.js:913:49)
    at http://localhost:3000/_next/static/chunks/12h2_next_dist_1hpchfz._.js:3439:82
    at Object.react_stack_bottom_frame (http://localhost:3000/_next/static/chunks/12h2_next_dist_compiled_react-dom_0j6ruov._.js:15037:24)
    at renderWithHooks (http://localhost:3000/_next/static/chunks/12h2_next_dist_compiled_react-dom_0j6ruov._.js:4620:24)
    at updateForwardRef (http://localhost:3000/_next/static/chunks/12h2_next_dist_compiled_react-dom_0j6ruov._.js:5908:21)
    at beginWork (http://localhost:3000/_next/static/chunks/12h2_next_dist_compiled_react-dom_0j6ruov._.js:6766:24)
    at runWithFiberInDEV (http://localhost:3000/_next/static/chunks/12h2_next_dist_compiled_react-dom_0j6ruov._.js:965:74)
    at performUnitOfWork (http://localhost:3000/_next/static/chunks/12h2_next_dist_compiled_react-dom_0j6ruov._.js:9555:97)
    at workLoopSync (http://localhost:3000/_next/static/chunks/12h2_next_dist_compiled_react-dom_0j6ruov._.js:9449:40)
    at renderRootSync (http://localhost:3000/_next/static/chunks/12h2_next_dist_compiled_react-dom_0j6ruov._.js:9433:13)
    at performWorkOnRoot (http://localhost:3000/_next/static/chunks/12h2_next_dist_compiled_react-dom_0j6ruov._.js:9098:47)
    at performWorkOnRootViaSchedulerTask (http://localhost:3000/_next/static/chunks/12h2_next_dist_compiled_react-dom_0j6ruov._.js:10255:9)
    at MessagePort.performWorkUntilDeadline (http://localhost:3000/_next/static/chunks/12h2_next_dist_compiled_1hc7dbq._.js:2647:64)
[ 2773799ms] [ERROR] ./app/landing/page.tsx:92:86
Expected '</', got '}'
  90 |         </Section>
  91 |         <Section title="O mnie" className="mx-[20vw]">
> 92 |           <Image src="/profile.png" alt="Profil" className="rounded-full" width={100%}/>
     |                                                                                      ^
  93 |         </Section>
  94 |
  95 |       </div>

Parsing ecmascript source code failed @ http://localhost:3000/_next/static/chunks/12h2_next_dist_0nhaf9-._.js:3330
[ 2773832ms] [LOG] [Fast Refresh] rebuilding @ http://localhost:3000/_next/static/chunks/12h2_next_dist_0nhaf9-._.js:2489
[ 2778189ms] [LOG] [Fast Refresh] rebuilding @ http://localhost:3000/_next/static/chunks/12h2_next_dist_0nhaf9-._.js:2489
[ 2778261ms] [LOG] [Fast Refresh] done in 21ms @ http://localhost:3000/_next/static/chunks/12h2_next_dist_0nhaf9-._.js:2489
[ 2778370ms] [LOG] [Fast Refresh] rebuilding @ http://localhost:3000/_next/static/chunks/12h2_next_dist_0nhaf9-._.js:2489
[ 2778371ms] [LOG] [Fast Refresh] done in 100ms @ http://localhost:3000/_next/static/chunks/12h2_next_dist_0nhaf9-._.js:2489
[ 2778472ms] [ERROR] Failed to load resource: the server responded with a status of 500 (Internal Server Error) @ http://localhost:3000/landing:0
[ 2778552ms] [INFO] %cDownload the React DevTools for a better development experience: https://react.dev/link/react-devtools font-weight:bold @ http://localhost:3000/_next/static/chunks/12h2_next_dist_0nhaf9-._.js:2489
[ 2778605ms] [LOG] [HMR] connected @ http://localhost:3000/_next/static/chunks/12h2_next_dist_0nhaf9-._.js:2489
[ 2778650ms] Error: Image with src "/profile.png" has invalid "width" property. Expected a numeric value in pixels but received "auto".
    at getImgProps (http://localhost:3000/_next/static/chunks/12h2_next_dist_1hpchfz._.js:919:49)
    at http://localhost:3000/_next/static/chunks/12h2_next_dist_1hpchfz._.js:3439:82
    at Object.react_stack_bottom_frame (http://localhost:3000/_next/static/chunks/12h2_next_dist_compiled_react-dom_0j6ruov._.js:15037:24)
    at renderWithHooks (http://localhost:3000/_next/static/chunks/12h2_next_dist_compiled_react-dom_0j6ruov._.js:4620:24)
    at updateForwardRef (http://localhost:3000/_next/static/chunks/12h2_next_dist_compiled_react-dom_0j6ruov._.js:5908:21)
    at beginWork (http://localhost:3000/_next/static/chunks/12h2_next_dist_compiled_react-dom_0j6ruov._.js:6671:46)
    at runWithFiberInDEV (http://localhost:3000/_next/static/chunks/12h2_next_dist_compiled_react-dom_0j6ruov._.js:965:74)
    at performUnitOfWork (http://localhost:3000/_next/static/chunks/12h2_next_dist_compiled_react-dom_0j6ruov._.js:9555:97)
    at workLoopSync (http://localhost:3000/_next/static/chunks/12h2_next_dist_compiled_react-dom_0j6ruov._.js:9449:40)
    at renderRootSync (http://localhost:3000/_next/static/chunks/12h2_next_dist_compiled_react-dom_0j6ruov._.js:9433:13)
    at performWorkOnRoot (http://localhost:3000/_next/static/chunks/12h2_next_dist_compiled_react-dom_0j6ruov._.js:9098:47)
    at performWorkOnRootViaSchedulerTask (http://localhost:3000/_next/static/chunks/12h2_next_dist_compiled_react-dom_0j6ruov._.js:10255:9)
    at MessagePort.performWorkUntilDeadline (http://localhost:3000/_next/static/chunks/12h2_next_dist_compiled_1hc7dbq._.js:2647:64)
[ 2892504ms] [LOG] [Fast Refresh] rebuilding @ http://localhost:3000/_next/static/chunks/12h2_next_dist_0nhaf9-._.js:2489
[ 2892655ms] [LOG] [Fast Refresh] done in 26ms @ http://localhost:3000/_next/static/chunks/12h2_next_dist_0nhaf9-._.js:2489
[ 2892831ms] [ERROR] Failed to load resource: the server responded with a status of 500 (Internal Server Error) @ http://localhost:3000/landing:0
[ 2892900ms] [INFO] %cDownload the React DevTools for a better development experience: https://react.dev/link/react-devtools font-weight:bold @ http://localhost:3000/_next/static/chunks/12h2_next_dist_0nhaf9-._.js:2489
[ 2892930ms] [LOG] [HMR] connected @ http://localhost:3000/_next/static/chunks/12h2_next_dist_0nhaf9-._.js:2489
[ 2892982ms] Error: Image with src "/profile.png" has invalid "width" property. Expected a numeric value in pixels but received "true".
    at getImgProps (http://localhost:3000/_next/static/chunks/12h2_next_dist_1hpchfz._.js:919:49)
    at http://localhost:3000/_next/static/chunks/12h2_next_dist_1hpchfz._.js:3439:82
    at Object.react_stack_bottom_frame (http://localhost:3000/_next/static/chunks/12h2_next_dist_compiled_react-dom_0j6ruov._.js:15037:24)
    at renderWithHooks (http://localhost:3000/_next/static/chunks/12h2_next_dist_compiled_react-dom_0j6ruov._.js:4620:24)
    at updateForwardRef (http://localhost:3000/_next/static/chunks/12h2_next_dist_compiled_react-dom_0j6ruov._.js:5908:21)
    at beginWork (http://localhost:3000/_next/static/chunks/12h2_next_dist_compiled_react-dom_0j6ruov._.js:6671:46)
    at runWithFiberInDEV (http://localhost:3000/_next/static/chunks/12h2_next_dist_compiled_react-dom_0j6ruov._.js:965:74)
    at performUnitOfWork (http://localhost:3000/_next/static/chunks/12h2_next_dist_compiled_react-dom_0j6ruov._.js:9555:97)
    at workLoopSync (http://localhost:3000/_next/static/chunks/12h2_next_dist_compiled_react-dom_0j6ruov._.js:9449:40)
    at renderRootSync (http://localhost:3000/_next/static/chunks/12h2_next_dist_compiled_react-dom_0j6ruov._.js:9433:13)
    at performWorkOnRoot (http://localhost:3000/_next/static/chunks/12h2_next_dist_compiled_react-dom_0j6ruov._.js:9098:47)
    at performWorkOnRootViaSchedulerTask (http://localhost:3000/_next/static/chunks/12h2_next_dist_compiled_react-dom_0j6ruov._.js:10255:9)
    at MessagePort.performWorkUntilDeadline (http://localhost:3000/_next/static/chunks/12h2_next_dist_compiled_1hc7dbq._.js:2647:64)
[ 2900625ms] [LOG] [Fast Refresh] rebuilding @ http://localhost:3000/_next/static/chunks/12h2_next_dist_0nhaf9-._.js:2489
[ 2900852ms] [LOG] [Fast Refresh] done in 267ms @ http://localhost:3000/_next/static/chunks/12h2_next_dist_0nhaf9-._.js:2489
[ 2901312ms] [ERROR] Failed to load resource: the server responded with a status of 500 (Internal Server Error) @ http://localhost:3000/landing:0
[ 2901475ms] [INFO] %cDownload the React DevTools for a better development experience: https://react.dev/link/react-devtools font-weight:bold @ http://localhost:3000/_next/static/chunks/12h2_next_dist_0nhaf9-._.js:2489
[ 2901497ms] [LOG] [HMR] connected @ http://localhost:3000/_next/static/chunks/12h2_next_dist_0nhaf9-._.js:2489
[ 2901536ms] Error: Image with src "/profile.png" has invalid "width" property. Expected a numeric value in pixels but received "true".
    at getImgProps (http://localhost:3000/_next/static/chunks/12h2_next_dist_1hpchfz._.js:919:49)
    at http://localhost:3000/_next/static/chunks/12h2_next_dist_1hpchfz._.js:3439:82
    at Object.react_stack_bottom_frame (http://localhost:3000/_next/static/chunks/12h2_next_dist_compiled_react-dom_0j6ruov._.js:15037:24)
    at renderWithHooks (http://localhost:3000/_next/static/chunks/12h2_next_dist_compiled_react-dom_0j6ruov._.js:4620:24)
    at updateForwardRef (http://localhost:3000/_next/static/chunks/12h2_next_dist_compiled_react-dom_0j6ruov._.js:5908:21)
    at beginWork (http://localhost:3000/_next/static/chunks/12h2_next_dist_compiled_react-dom_0j6ruov._.js:6671:46)
    at runWithFiberInDEV (http://localhost:3000/_next/static/chunks/12h2_next_dist_compiled_react-dom_0j6ruov._.js:965:74)
    at performUnitOfWork (http://localhost:3000/_next/static/chunks/12h2_next_dist_compiled_react-dom_0j6ruov._.js:9555:97)
    at workLoopSync (http://localhost:3000/_next/static/chunks/12h2_next_dist_compiled_react-dom_0j6ruov._.js:9449:40)
    at renderRootSync (http://localhost:3000/_next/static/chunks/12h2_next_dist_compiled_react-dom_0j6ruov._.js:9433:13)
    at performWorkOnRoot (http://localhost:3000/_next/static/chunks/12h2_next_dist_compiled_react-dom_0j6ruov._.js:9098:47)
    at performWorkOnRootViaSchedulerTask (http://localhost:3000/_next/static/chunks/12h2_next_dist_compiled_react-dom_0j6ruov._.js:10255:9)
    at MessagePort.performWorkUntilDeadline (http://localhost:3000/_next/static/chunks/12h2_next_dist_compiled_1hc7dbq._.js:2647:64)
[ 2907872ms] [LOG] [Fast Refresh] rebuilding @ http://localhost:3000/_next/static/chunks/12h2_next_dist_0nhaf9-._.js:2489
[ 2907941ms] [LOG] [Fast Refresh] done in 25ms @ http://localhost:3000/_next/static/chunks/12h2_next_dist_0nhaf9-._.js:2489
[ 2908051ms] [LOG] [Fast Refresh] rebuilding @ http://localhost:3000/_next/static/chunks/12h2_next_dist_0nhaf9-._.js:2489
[ 2908100ms] [LOG] [Fast Refresh] done in 148ms @ http://localhost:3000/_next/static/chunks/12h2_next_dist_0nhaf9-._.js:2489
[ 2908217ms] [INFO] %cDownload the React DevTools for a better development experience: https://react.dev/link/react-devtools font-weight:bold @ http://localhost:3000/_next/static/chunks/12h2_next_dist_0nhaf9-._.js:2489
[ 2908236ms] [LOG] [HMR] connected @ http://localhost:3000/_next/static/chunks/12h2_next_dist_0nhaf9-._.js:2489
[ 2939878ms] [LOG] [Fast Refresh] rebuilding @ http://localhost:3000/_next/static/chunks/12h2_next_dist_0nhaf9-._.js:2489
[ 2939951ms] [LOG] [Fast Refresh] done in 59ms @ http://localhost:3000/_next/static/chunks/12h2_next_dist_0nhaf9-._.js:2489
[ 2940078ms] [LOG] [Fast Refresh] rebuilding @ http://localhost:3000/_next/static/chunks/12h2_next_dist_0nhaf9-._.js:2489
[ 2940086ms] [LOG] [Fast Refresh] done in 108ms @ http://localhost:3000/_next/static/chunks/12h2_next_dist_0nhaf9-._.js:2489
[ 2951041ms] [LOG] [Fast Refresh] rebuilding @ http://localhost:3000/_next/static/chunks/12h2_next_dist_0nhaf9-._.js:2489
[ 2951089ms] [LOG] [Fast Refresh] done in 26ms @ http://localhost:3000/_next/static/chunks/12h2_next_dist_0nhaf9-._.js:2489
[ 2951193ms] [LOG] [Fast Refresh] rebuilding @ http://localhost:3000/_next/static/chunks/12h2_next_dist_0nhaf9-._.js:2489
[ 2951201ms] [LOG] [Fast Refresh] done in 109ms @ http://localhost:3000/_next/static/chunks/12h2_next_dist_0nhaf9-._.js:2489
[ 2957798ms] [LOG] [Fast Refresh] rebuilding @ http://localhost:3000/_next/static/chunks/12h2_next_dist_0nhaf9-._.js:2489
[ 2957843ms] [LOG] [Fast Refresh] done in 26ms @ http://localhost:3000/_next/static/chunks/12h2_next_dist_0nhaf9-._.js:2489
[ 2957965ms] [LOG] [Fast Refresh] rebuilding @ http://localhost:3000/_next/static/chunks/12h2_next_dist_0nhaf9-._.js:2489
[ 2957972ms] [LOG] [Fast Refresh] done in 107ms @ http://localhost:3000/_next/static/chunks/12h2_next_dist_0nhaf9-._.js:2489
[ 2960922ms] [LOG] [Fast Refresh] rebuilding @ http://localhost:3000/_next/static/chunks/12h2_next_dist_0nhaf9-._.js:2489
[ 2960991ms] [LOG] [Fast Refresh] done in 27ms @ http://localhost:3000/_next/static/chunks/12h2_next_dist_0nhaf9-._.js:2489
[ 2961099ms] [LOG] [Fast Refresh] rebuilding @ http://localhost:3000/_next/static/chunks/12h2_next_dist_0nhaf9-._.js:2489
[ 2961116ms] [LOG] [Fast Refresh] done in 116ms @ http://localhost:3000/_next/static/chunks/12h2_next_dist_0nhaf9-._.js:2489
[ 2964774ms] [LOG] [Fast Refresh] rebuilding @ http://localhost:3000/_next/static/chunks/12h2_next_dist_0nhaf9-._.js:2489
[ 2964848ms] [LOG] [Fast Refresh] done in 27ms @ http://localhost:3000/_next/static/chunks/12h2_next_dist_0nhaf9-._.js:2489
[ 2964951ms] [LOG] [Fast Refresh] rebuilding @ http://localhost:3000/_next/static/chunks/12h2_next_dist_0nhaf9-._.js:2489
[ 2964957ms] [LOG] [Fast Refresh] done in 106ms @ http://localhost:3000/_next/static/chunks/12h2_next_dist_0nhaf9-._.js:2489
[ 2981207ms] [ERROR] ./app/landing/page.tsx:95:19
Expected '</', got 'jsx text'
   93 |           <div>
   94 |           <Image src={profileImage} alt="Profil" className="rounded-full" />
>  95 |         </Section>
      |                   ^^^^^^^^^^^^^^^^^^^^^^^^^^^^^^^^^^^^^^^^^^^^^^^^^^^^^^^^^^^^^^^^^^^^^^^^^^^^^^^^^^^^^^^^^^^^^^^^^^^^^^^^^^^^^^^^^^^^^^^^^^^^^^^^^^^^^^^^^^^^^^^^^^^^^^^^^^^^^^^^^^^^^^
>  96 |
      | ^
>  97 |       </div>
      | ^^^^^^
   98 |     </div>
   99 |   )
  100 | }

Parsing ecmascript source code failed @ http://localhost:3000/_next/static/chunks/12h2_next_dist_0nhaf9-._.js:3330
[ 2981240ms] [LOG] [Fast Refresh] rebuilding @ http://localhost:3000/_next/static/chunks/12h2_next_dist_0nhaf9-._.js:2489
[ 2984169ms] [LOG] [Fast Refresh] rebuilding @ http://localhost:3000/_next/static/chunks/12h2_next_dist_0nhaf9-._.js:2489
[ 2984215ms] [LOG] [Fast Refresh] done in 23ms @ http://localhost:3000/_next/static/chunks/12h2_next_dist_0nhaf9-._.js:2489
[ 2984342ms] [LOG] [Fast Refresh] rebuilding @ http://localhost:3000/_next/static/chunks/12h2_next_dist_0nhaf9-._.js:2489
[ 2984373ms] [LOG] [Fast Refresh] done in 132ms @ http://localhost:3000/_next/static/chunks/12h2_next_dist_0nhaf9-._.js:2489
[ 2990170ms] [LOG] [Fast Refresh] rebuilding @ http://localhost:3000/_next/static/chunks/12h2_next_dist_0nhaf9-._.js:2489
[ 2990228ms] [LOG] [Fast Refresh] done in 28ms @ http://localhost:3000/_next/static/chunks/12h2_next_dist_0nhaf9-._.js:2489
[ 2990334ms] [LOG] [Fast Refresh] rebuilding @ http://localhost:3000/_next/static/chunks/12h2_next_dist_0nhaf9-._.js:2489
[ 2990341ms] [LOG] [Fast Refresh] done in 106ms @ http://localhost:3000/_next/static/chunks/12h2_next_dist_0nhaf9-._.js:2489
[ 2996995ms] [LOG] [Fast Refresh] rebuilding @ http://localhost:3000/_next/static/chunks/12h2_next_dist_0nhaf9-._.js:2489
[ 2997209ms] [LOG] [Fast Refresh] done in 114ms @ http://localhost:3000/_next/static/chunks/12h2_next_dist_0nhaf9-._.js:2489
[ 3000277ms] [LOG] [Fast Refresh] rebuilding @ http://localhost:3000/_next/static/chunks/12h2_next_dist_0nhaf9-._.js:2489
[ 3000337ms] [LOG] [Fast Refresh] done in 24ms @ http://localhost:3000/_next/static/chunks/12h2_next_dist_0nhaf9-._.js:2489
[ 3000440ms] [LOG] [Fast Refresh] rebuilding @ http://localhost:3000/_next/static/chunks/12h2_next_dist_0nhaf9-._.js:2489
[ 3000447ms] [LOG] [Fast Refresh] done in 107ms @ http://localhost:3000/_next/static/chunks/12h2_next_dist_0nhaf9-._.js:2489
[ 3006093ms] [LOG] [Fast Refresh] rebuilding @ http://localhost:3000/_next/static/chunks/12h2_next_dist_0nhaf9-._.js:2489
[ 3006176ms] [LOG] [Fast Refresh] done in 27ms @ http://localhost:3000/_next/static/chunks/12h2_next_dist_0nhaf9-._.js:2489
[ 3006280ms] [LOG] [Fast Refresh] rebuilding @ http://localhost:3000/_next/static/chunks/12h2_next_dist_0nhaf9-._.js:2489
[ 3006294ms] [LOG] [Fast Refresh] done in 114ms @ http://localhost:3000/_next/static/chunks/12h2_next_dist_0nhaf9-._.js:2489
[ 3011310ms] [LOG] [Fast Refresh] rebuilding @ http://localhost:3000/_next/static/chunks/12h2_next_dist_0nhaf9-._.js:2489
[ 3011533ms] [LOG] [Fast Refresh] done in 64ms @ http://localhost:3000/_next/static/chunks/12h2_next_dist_0nhaf9-._.js:2489
[ 3016483ms] [LOG] [Fast Refresh] rebuilding @ http://localhost:3000/_next/static/chunks/12h2_next_dist_0nhaf9-._.js:2489
[ 3016526ms] [LOG] [Fast Refresh] done in 25ms @ http://localhost:3000/_next/static/chunks/12h2_next_dist_0nhaf9-._.js:2489
[ 3016628ms] [LOG] [Fast Refresh] rebuilding @ http://localhost:3000/_next/static/chunks/12h2_next_dist_0nhaf9-._.js:2489
[ 3016651ms] [LOG] [Fast Refresh] done in 124ms @ http://localhost:3000/_next/static/chunks/12h2_next_dist_0nhaf9-._.js:2489
[ 3021235ms] [LOG] [Fast Refresh] rebuilding @ http://localhost:3000/_next/static/chunks/12h2_next_dist_0nhaf9-._.js:2489
[ 3021289ms] [LOG] [Fast Refresh] done in 28ms @ http://localhost:3000/_next/static/chunks/12h2_next_dist_0nhaf9-._.js:2489
[ 3021392ms] [LOG] [Fast Refresh] rebuilding @ http://localhost:3000/_next/static/chunks/12h2_next_dist_0nhaf9-._.js:2489
[ 3021399ms] [LOG] [Fast Refresh] done in 108ms @ http://localhost:3000/_next/static/chunks/12h2_next_dist_0nhaf9-._.js:2489
[ 3194946ms] [LOG] [Fast Refresh] rebuilding @ http://localhost:3000/_next/static/chunks/12h2_next_dist_0nhaf9-._.js:2489
[ 3195075ms] [LOG] [Fast Refresh] done in 84ms @ http://localhost:3000/_next/static/chunks/12h2_next_dist_0nhaf9-._.js:2489
[ 3294570ms] [LOG] [Fast Refresh] rebuilding @ http://localhost:3000/_next/static/chunks/12h2_next_dist_0nhaf9-._.js:2489
[ 3294651ms] [LOG] [Fast Refresh] done in 126ms @ http://localhost:3000/_next/static/chunks/12h2_next_dist_0nhaf9-._.js:2489
[ 3294804ms] [LOG] [Fast Refresh] rebuilding @ http://localhost:3000/_next/static/chunks/12h2_next_dist_0nhaf9-._.js:2489
[ 3294820ms] [LOG] [Fast Refresh] done in 116ms @ http://localhost:3000/_next/static/chunks/12h2_next_dist_0nhaf9-._.js:2489
