[     172ms] [INFO] %cDownload the React DevTools for a better development experience: https://react.dev/link/react-devtools font-weight:bold @ http://localhost:3000/_next/static/chunks/12h2_next_dist_0nhaf9-._.js:2489
[     185ms] [LOG] [HMR] connected @ http://localhost:3000/_next/static/chunks/12h2_next_dist_0nhaf9-._.js:2489
[    3205ms] [WARNING] The resource http://localhost:3000/_next/static/media/a343f882a40d2cc9-s.p.1sj6eobyi31rd.woff2 was preloaded using link preload but not used within a few seconds from the window's load event. Please make sure it has an appropriate `as` value and it is preloaded intentionally. @ http://localhost:3000/landing:0
[  106514ms] [LOG] [Fast Refresh] rebuilding @ http://localhost:3000/_next/static/chunks/12h2_next_dist_0nhaf9-._.js:2489
[  106667ms] [LOG] [Fast Refresh] done in 24ms @ http://localhost:3000/_next/static/chunks/12h2_next_dist_0nhaf9-._.js:2489
[  108123ms] [LOG] [Fast Refresh] rebuilding @ http://localhost:3000/_next/static/chunks/12h2_next_dist_0nhaf9-._.js:2489
[  108162ms] [LOG] [Fast Refresh] done in 35ms @ http://localhost:3000/_next/static/chunks/12h2_next_dist_0nhaf9-._.js:2489
[  108310ms] [LOG] [Fast Refresh] rebuilding @ http://localhost:3000/_next/static/chunks/12h2_next_dist_0nhaf9-._.js:2489
[  108318ms] [LOG] [Fast Refresh] done in 108ms @ http://localhost:3000/_next/static/chunks/12h2_next_dist_0nhaf9-._.js:2489
[  111329ms] [WARNING] The resource http://localhost:3000/_next/static/media/a343f882a40d2cc9-s.p.1sj6eobyi31rd.woff2 was preloaded using link preload but not used within a few seconds from the window's load event. Please make sure it has an appropriate `as` value and it is preloaded intentionally. @ http://localhost:3000/landing:0
[  121548ms] [LOG] [Fast Refresh] rebuilding @ http://localhost:3000/_next/static/chunks/12h2_next_dist_0nhaf9-._.js:2489
[  121597ms] [LOG] [Fast Refresh] done in 27ms @ http://localhost:3000/_next/static/chunks/12h2_next_dist_0nhaf9-._.js:2489
[  121699ms] [LOG] [Fast Refresh] rebuilding @ http://localhost:3000/_next/static/chunks/12h2_next_dist_0nhaf9-._.js:2489
[  121730ms] [LOG] [Fast Refresh] done in 131ms @ http://localhost:3000/_next/static/chunks/12h2_next_dist_0nhaf9-._.js:2489
[  124736ms] [WARNING] The resource http://localhost:3000/_next/static/media/a343f882a40d2cc9-s.p.1sj6eobyi31rd.woff2 was preloaded using link preload but not used within a few seconds from the window's load event. Please make sure it has an appropriate `as` value and it is preloaded intentionally. @ http://localhost:3000/landing:0
[  150050ms] [LOG] [Fast Refresh] rebuilding @ http://localhost:3000/_next/static/chunks/12h2_next_dist_0nhaf9-._.js:2489
[  150114ms] [LOG] [Fast Refresh] done in 95ms @ http://localhost:3000/_next/static/chunks/12h2_next_dist_0nhaf9-._.js:2489
[  153752ms] [LOG] [Fast Refresh] rebuilding @ http://localhost:3000/_next/static/chunks/12h2_next_dist_0nhaf9-._.js:2489
[  153804ms] [LOG] [Fast Refresh] done in 79ms @ http://localhost:3000/_next/static/chunks/12h2_next_dist_0nhaf9-._.js:2489
[  165690ms] [LOG] [Fast Refresh] rebuilding @ http://localhost:3000/_next/static/chunks/12h2_next_dist_0nhaf9-._.js:2489
[  165952ms] [LOG] [Fast Refresh] done in 22ms @ http://localhost:3000/_next/static/chunks/12h2_next_dist_0nhaf9-._.js:2489
[  168034ms] [LOG] [Fast Refresh] rebuilding @ http://localhost:3000/_next/static/chunks/12h2_next_dist_0nhaf9-._.js:2489
[  168086ms] [LOG] [Fast Refresh] done in 32ms @ http://localhost:3000/_next/static/chunks/12h2_next_dist_0nhaf9-._.js:2489
[  168211ms] [LOG] [Fast Refresh] rebuilding @ http://localhost:3000/_next/static/chunks/12h2_next_dist_0nhaf9-._.js:2489
[  168235ms] [LOG] [Fast Refresh] done in 124ms @ http://localhost:3000/_next/static/chunks/12h2_next_dist_0nhaf9-._.js:2489
[  171818ms] [LOG] [Fast Refresh] rebuilding @ http://localhost:3000/_next/static/chunks/12h2_next_dist_0nhaf9-._.js:2489
[  171913ms] [LOG] [Fast Refresh] done in 69ms @ http://localhost:3000/_next/static/chunks/12h2_next_dist_0nhaf9-._.js:2489
[  174897ms] [LOG] [Fast Refresh] rebuilding @ http://localhost:3000/_next/static/chunks/12h2_next_dist_0nhaf9-._.js:2489
[  175129ms] [LOG] [Fast Refresh] done in 61ms @ http://localhost:3000/_next/static/chunks/12h2_next_dist_0nhaf9-._.js:2489
[  178363ms] [LOG] [Fast Refresh] rebuilding @ http://localhost:3000/_next/static/chunks/12h2_next_dist_0nhaf9-._.js:2489
[  178429ms] [LOG] [Fast Refresh] done in 26ms @ http://localhost:3000/_next/static/chunks/12h2_next_dist_0nhaf9-._.js:2489
[  178534ms] [LOG] [Fast Refresh] rebuilding @ http://localhost:3000/_next/static/chunks/12h2_next_dist_0nhaf9-._.js:2489
[  178554ms] [LOG] [Fast Refresh] done in 120ms @ http://localhost:3000/_next/static/chunks/12h2_next_dist_0nhaf9-._.js:2489
[  192602ms] [LOG] [Fast Refresh] rebuilding @ http://localhost:3000/_next/static/chunks/12h2_next_dist_0nhaf9-._.js:2489
[  192666ms] [LOG] [Fast Refresh] done in 31ms @ http://localhost:3000/_next/static/chunks/12h2_next_dist_0nhaf9-._.js:2489
[  192767ms] [LOG] [Fast Refresh] rebuilding @ http://localhost:3000/_next/static/chunks/12h2_next_dist_0nhaf9-._.js:2489
[  192778ms] [LOG] [Fast Refresh] done in 110ms @ http://localhost:3000/_next/static/chunks/12h2_next_dist_0nhaf9-._.js:2489
[  210091ms] [LOG] [Fast Refresh] rebuilding @ http://localhost:3000/_next/static/chunks/12h2_next_dist_0nhaf9-._.js:2489
[  210160ms] [LOG] [Fast Refresh] done in 24ms @ http://localhost:3000/_next/static/chunks/12h2_next_dist_0nhaf9-._.js:2489
[  210263ms] [LOG] [Fast Refresh] rebuilding @ http://localhost:3000/_next/static/chunks/12h2_next_dist_0nhaf9-._.js:2489
[  210276ms] [LOG] [Fast Refresh] done in 114ms @ http://localhost:3000/_next/static/chunks/12h2_next_dist_0nhaf9-._.js:2489
[  216117ms] [LOG] [Fast Refresh] rebuilding @ http://localhost:3000/_next/static/chunks/12h2_next_dist_0nhaf9-._.js:2489
[  216161ms] [LOG] [Fast Refresh] done in 26ms @ http://localhost:3000/_next/static/chunks/12h2_next_dist_0nhaf9-._.js:2489
[  216263ms] [LOG] [Fast Refresh] rebuilding @ http://localhost:3000/_next/static/chunks/12h2_next_dist_0nhaf9-._.js:2489
[  216290ms] [LOG] [Fast Refresh] done in 127ms @ http://localhost:3000/_next/static/chunks/12h2_next_dist_0nhaf9-._.js:2489
[  217955ms] [LOG] [Fast Refresh] rebuilding @ http://localhost:3000/_next/static/chunks/12h2_next_dist_0nhaf9-._.js:2489
[  218017ms] [LOG] [Fast Refresh] done in 27ms @ http://localhost:3000/_next/static/chunks/12h2_next_dist_0nhaf9-._.js:2489
[  218120ms] [LOG] [Fast Refresh] rebuilding @ http://localhost:3000/_next/static/chunks/12h2_next_dist_0nhaf9-._.js:2489
[  218137ms] [LOG] [Fast Refresh] done in 116ms @ http://localhost:3000/_next/static/chunks/12h2_next_dist_0nhaf9-._.js:2489
[  220383ms] [LOG] [Fast Refresh] rebuilding @ http://localhost:3000/_next/static/chunks/12h2_next_dist_0nhaf9-._.js:2489
[  220429ms] [LOG] [Fast Refresh] done in 25ms @ http://localhost:3000/_next/static/chunks/12h2_next_dist_0nhaf9-._.js:2489
[  220530ms] [LOG] [Fast Refresh] rebuilding @ http://localhost:3000/_next/static/chunks/12h2_next_dist_0nhaf9-._.js:2489
[  220563ms] [LOG] [Fast Refresh] done in 132ms @ http://localhost:3000/_next/static/chunks/12h2_next_dist_0nhaf9-._.js:2489
[  241576ms] [LOG] [Fast Refresh] rebuilding @ http://localhost:3000/_next/static/chunks/12h2_next_dist_0nhaf9-._.js:2489
[  241640ms] [LOG] [Fast Refresh] done in 27ms @ http://localhost:3000/_next/static/chunks/12h2_next_dist_0nhaf9-._.js:2489
[  241744ms] [LOG] [Fast Refresh] rebuilding @ http://localhost:3000/_next/static/chunks/12h2_next_dist_0nhaf9-._.js:2489
[  241756ms] [LOG] [Fast Refresh] done in 112ms @ http://localhost:3000/_next/static/chunks/12h2_next_dist_0nhaf9-._.js:2489
[  248907ms] [LOG] [Fast Refresh] rebuilding @ http://localhost:3000/_next/static/chunks/12h2_next_dist_0nhaf9-._.js:2489
[  248972ms] [LOG] [Fast Refresh] done in 27ms @ http://localhost:3000/_next/static/chunks/12h2_next_dist_0nhaf9-._.js:2489
[  249077ms] [LOG] [Fast Refresh] rebuilding @ http://localhost:3000/_next/static/chunks/12h2_next_dist_0nhaf9-._.js:2489
[  249092ms] [LOG] [Fast Refresh] done in 114ms @ http://localhost:3000/_next/static/chunks/12h2_next_dist_0nhaf9-._.js:2489
[  255838ms] [LOG] [Fast Refresh] rebuilding @ http://localhost:3000/_next/static/chunks/12h2_next_dist_0nhaf9-._.js:2489
[  256433ms] [LOG] [Fast Refresh] done in 669ms @ http://localhost:3000/_next/static/chunks/12h2_next_dist_0nhaf9-._.js:2489
[  268623ms] [ERROR] WebSocket connection to 'ws://localhost:3000/_next/webpack-hmr?id=xTlA-_bsYtnjqQ1iSaPEl' failed: Error in connection establishment: net::ERR_CONNECTION_REFUSED @ http://localhost:3000/_next/static/chunks/12h2_next_dist_client_01rzcc_._.js:13422
[  269768ms] [LOG] [HMR] connected @ http://localhost:3000/_next/static/chunks/12h2_next_dist_0nhaf9-._.js:2489
[  270676ms] [INFO] %cDownload the React DevTools for a better development experience: https://react.dev/link/react-devtools font-weight:bold @ http://localhost:3000/_next/static/chunks/12h2_next_dist_0nhaf9-._.js:2489
[  270699ms] [LOG] [HMR] connected @ http://localhost:3000/_next/static/chunks/12h2_next_dist_0nhaf9-._.js:2489
[  273757ms] [WARNING] The resource http://localhost:3000/_next/static/media/a343f882a40d2cc9-s.p.1sj6eobyi31rd.woff2 was preloaded using link preload but not used within a few seconds from the window's load event. Please make sure it has an appropriate `as` value and it is preloaded intentionally. @ http://localhost:3000/landing:0
[  273888ms] [LOG] [HMR] connected @ http://localhost:3000/_next/static/chunks/12h2_next_dist_0nhaf9-._.js:2489
[  274941ms] [INFO] %cDownload the React DevTools for a better development experience: https://react.dev/link/react-devtools font-weight:bold @ http://localhost:3000/_next/static/chunks/12h2_next_dist_0nhaf9-._.js:2489
[  274964ms] [LOG] [HMR] connected @ http://localhost:3000/_next/static/chunks/12h2_next_dist_0nhaf9-._.js:2489
[  278025ms] [WARNING] The resource http://localhost:3000/_next/static/media/a343f882a40d2cc9-s.p.1sj6eobyi31rd.woff2 was preloaded using link preload but not used within a few seconds from the window's load event. Please make sure it has an appropriate `as` value and it is preloaded intentionally. @ http://localhost:3000/landing:0
[  292754ms] [LOG] [Fast Refresh] rebuilding @ http://localhost:3000/_next/static/chunks/12h2_next_dist_0nhaf9-._.js:2489
[  292757ms] [LOG] [Fast Refresh] done in 104ms @ http://localhost:3000/_next/static/chunks/12h2_next_dist_0nhaf9-._.js:2489
[  294820ms] [LOG] [Fast Refresh] rebuilding @ http://localhost:3000/_next/static/chunks/12h2_next_dist_0nhaf9-._.js:2489
[  294829ms] [LOG] [Fast Refresh] done in 109ms @ http://localhost:3000/_next/static/chunks/12h2_next_dist_0nhaf9-._.js:2489
[  317160ms] [LOG] [Fast Refresh] rebuilding @ http://localhost:3000/_next/static/chunks/12h2_next_dist_0nhaf9-._.js:2489
[  317496ms] [LOG] [Fast Refresh] done in 322ms @ http://localhost:3000/_next/static/chunks/12h2_next_dist_0nhaf9-._.js:2489
[  320276ms] [LOG] [Fast Refresh] rebuilding @ http://localhost:3000/_next/static/chunks/12h2_next_dist_0nhaf9-._.js:2489
[  320340ms] [LOG] [Fast Refresh] done in 41ms @ http://localhost:3000/_next/static/chunks/12h2_next_dist_0nhaf9-._.js:2489
[  320468ms] [LOG] [Fast Refresh] rebuilding @ http://localhost:3000/_next/static/chunks/12h2_next_dist_0nhaf9-._.js:2489
[  320513ms] [LOG] [Fast Refresh] done in 146ms @ http://localhost:3000/_next/static/chunks/12h2_next_dist_0nhaf9-._.js:2489
[  434898ms] [ERROR] WebSocket connection to 'ws://localhost:3000/_next/webpack-hmr?id=aTNO9ld3LxdVvBbxd7FMw' failed: Error in connection establishment: net::ERR_CONNECTION_REFUSED @ http://localhost:3000/_next/static/chunks/12h2_next_dist_client_01rzcc_._.js:13422
[  435906ms] [LOG] [HMR] connected @ http://localhost:3000/_next/static/chunks/12h2_next_dist_0nhaf9-._.js:2489
[  437774ms] [INFO] %cDownload the React DevTools for a better development experience: https://react.dev/link/react-devtools font-weight:bold @ http://localhost:3000/_next/static/chunks/12h2_next_dist_0nhaf9-._.js:2489
[  437799ms] [LOG] [HMR] connected @ http://localhost:3000/_next/static/chunks/12h2_next_dist_0nhaf9-._.js:2489
[  628574ms] [LOG] [Fast Refresh] rebuilding @ http://localhost:3000/_next/static/chunks/12h2_next_dist_0nhaf9-._.js:2489
[  628860ms] [LOG] [Fast Refresh] done in 281ms @ http://localhost:3000/_next/static/chunks/12h2_next_dist_0nhaf9-._.js:2489
[  628963ms] [LOG] [Fast Refresh] rebuilding @ http://localhost:3000/_next/static/chunks/12h2_next_dist_0nhaf9-._.js:2489
[  628999ms] [LOG] [Fast Refresh] done in 136ms @ http://localhost:3000/_next/static/chunks/12h2_next_dist_0nhaf9-._.js:2489
[  681870ms] [LOG] [Fast Refresh] rebuilding @ http://localhost:3000/_next/static/chunks/12h2_next_dist_0nhaf9-._.js:2489
[  681953ms] [LOG] [Fast Refresh] done in 56ms @ http://localhost:3000/_next/static/chunks/12h2_next_dist_0nhaf9-._.js:2489
[  712245ms] [LOG] [Fast Refresh] rebuilding @ http://localhost:3000/_next/static/chunks/12h2_next_dist_0nhaf9-._.js:2489
[  712348ms] [LOG] [Fast Refresh] done in 110ms @ http://localhost:3000/_next/static/chunks/12h2_next_dist_0nhaf9-._.js:2489
[  714373ms] [LOG] [Fast Refresh] rebuilding @ http://localhost:3000/_next/static/chunks/12h2_next_dist_0nhaf9-._.js:2489
[  714419ms] [LOG] [Fast Refresh] done in 28ms @ http://localhost:3000/_next/static/chunks/12h2_next_dist_0nhaf9-._.js:2489
[  714541ms] [LOG] [Fast Refresh] rebuilding @ http://localhost:3000/_next/static/chunks/12h2_next_dist_0nhaf9-._.js:2489
[  714572ms] [LOG] [Fast Refresh] done in 131ms @ http://localhost:3000/_next/static/chunks/12h2_next_dist_0nhaf9-._.js:2489
[  717470ms] [LOG] [Fast Refresh] rebuilding @ http://localhost:3000/_next/static/chunks/12h2_next_dist_0nhaf9-._.js:2489
[  717538ms] [LOG] [Fast Refresh] done in 29ms @ http://localhost:3000/_next/static/chunks/12h2_next_dist_0nhaf9-._.js:2489
[  717643ms] [LOG] [Fast Refresh] rebuilding @ http://localhost:3000/_next/static/chunks/12h2_next_dist_0nhaf9-._.js:2489
[  717689ms] [LOG] [Fast Refresh] done in 146ms @ http://localhost:3000/_next/static/chunks/12h2_next_dist_0nhaf9-._.js:2489
[  719144ms] [LOG] [Fast Refresh] rebuilding @ http://localhost:3000/_next/static/chunks/12h2_next_dist_0nhaf9-._.js:2489
[  719243ms] [LOG] [Fast Refresh] done in 63ms @ http://localhost:3000/_next/static/chunks/12h2_next_dist_0nhaf9-._.js:2489
