[     181ms] [INFO] %cDownload the React DevTools for a better development experience: https://react.dev/link/react-devtools font-weight:bold @ http://localhost:3000/_next/static/chunks/12h2_next_dist_0nhaf9-._.js:2489
[     197ms] [LOG] [HMR] connected @ http://localhost:3000/_next/static/chunks/12h2_next_dist_0nhaf9-._.js:2489
[  262076ms] [LOG] [Fast Refresh] rebuilding @ http://localhost:3000/_next/static/chunks/12h2_next_dist_0nhaf9-._.js:2489
[  262271ms] [LOG] [Fast Refresh] done in 109ms @ http://localhost:3000/_next/static/chunks/12h2_next_dist_0nhaf9-._.js:2489
[  264544ms] [LOG] [Fast Refresh] rebuilding @ http://localhost:3000/_next/static/chunks/12h2_next_dist_0nhaf9-._.js:2489
[  264604ms] [LOG] [Fast Refresh] done in 28ms @ http://localhost:3000/_next/static/chunks/12h2_next_dist_0nhaf9-._.js:2489
[  264707ms] [LOG] [Fast Refresh] rebuilding @ http://localhost:3000/_next/static/chunks/12h2_next_dist_0nhaf9-._.js:2489
[  264717ms] [LOG] [Fast Refresh] done in 110ms @ http://localhost:3000/_next/static/chunks/12h2_next_dist_0nhaf9-._.js:2489
[  272742ms] [WARNING] Image with src "/_next/static/media/profile.0asgtnyv9xbvv.png" was detected as the Largest Contentful Paint (LCP). Please add the `loading="eager"` property if this image is above the fold.
Read more: https://nextjs.org/docs/app/api-reference/components/image#loading @ http://localhost:3000/_next/static/chunks/12h2_next_dist_0nhaf9-._.js:2489
[  282665ms] [LOG] [Fast Refresh] rebuilding @ http://localhost:3000/_next/static/chunks/12h2_next_dist_0nhaf9-._.js:2489
[  282718ms] [LOG] [Fast Refresh] done in 32ms @ http://localhost:3000/_next/static/chunks/12h2_next_dist_0nhaf9-._.js:2489
[  282820ms] [LOG] [Fast Refresh] rebuilding @ http://localhost:3000/_next/static/chunks/12h2_next_dist_0nhaf9-._.js:2489
[  282853ms] [LOG] [Fast Refresh] done in 133ms @ http://localhost:3000/_next/static/chunks/12h2_next_dist_0nhaf9-._.js:2489
[  286479ms] [LOG] [Fast Refresh] rebuilding @ http://localhost:3000/_next/static/chunks/12h2_next_dist_0nhaf9-._.js:2489
[  286556ms] [LOG] [Fast Refresh] done in 71ms @ http://localhost:3000/_next/static/chunks/12h2_next_dist_0nhaf9-._.js:2489
[  286663ms] [LOG] [Fast Refresh] rebuilding @ http://localhost:3000/_next/static/chunks/12h2_next_dist_0nhaf9-._.js:2489
[  286694ms] [LOG] [Fast Refresh] done in 132ms @ http://localhost:3000/_next/static/chunks/12h2_next_dist_0nhaf9-._.js:2489
[  288623ms] [LOG] [Fast Refresh] rebuilding @ http://localhost:3000/_next/static/chunks/12h2_next_dist_0nhaf9-._.js:2489
[  288740ms] [LOG] [Fast Refresh] done in 96ms @ http://localhost:3000/_next/static/chunks/12h2_next_dist_0nhaf9-._.js:2489
[  298295ms] [LOG] [Fast Refresh] rebuilding @ http://localhost:3000/_next/static/chunks/12h2_next_dist_0nhaf9-._.js:2489
[  298476ms] [LOG] [Fast Refresh] done in 31ms @ http://localhost:3000/_next/static/chunks/12h2_next_dist_0nhaf9-._.js:2489
[  300087ms] [LOG] [Fast Refresh] rebuilding @ http://localhost:3000/_next/static/chunks/12h2_next_dist_0nhaf9-._.js:2489
[  300133ms] [LOG] [Fast Refresh] done in 25ms @ http://localhost:3000/_next/static/chunks/12h2_next_dist_0nhaf9-._.js:2489
[  300236ms] [LOG] [Fast Refresh] rebuilding @ http://localhost:3000/_next/static/chunks/12h2_next_dist_0nhaf9-._.js:2489
[  300311ms] [LOG] [Fast Refresh] done in 175ms @ http://localhost:3000/_next/static/chunks/12h2_next_dist_0nhaf9-._.js:2489
[  309436ms] [LOG] [Fast Refresh] rebuilding @ http://localhost:3000/_next/static/chunks/12h2_next_dist_0nhaf9-._.js:2489
[  309516ms] [LOG] [Fast Refresh] done in 99ms @ http://localhost:3000/_next/static/chunks/12h2_next_dist_0nhaf9-._.js:2489
[  309619ms] [LOG] [Fast Refresh] rebuilding @ http://localhost:3000/_next/static/chunks/12h2_next_dist_0nhaf9-._.js:2489
[  309664ms] [LOG] [Fast Refresh] done in 146ms @ http://localhost:3000/_next/static/chunks/12h2_next_dist_0nhaf9-._.js:2489
[  314848ms] [LOG] [Fast Refresh] rebuilding @ http://localhost:3000/_next/static/chunks/12h2_next_dist_0nhaf9-._.js:2489
[  314892ms] [LOG] [Fast Refresh] done in 32ms @ http://localhost:3000/_next/static/chunks/12h2_next_dist_0nhaf9-._.js:2489
[  314994ms] [LOG] [Fast Refresh] rebuilding @ http://localhost:3000/_next/static/chunks/12h2_next_dist_0nhaf9-._.js:2489
[  315028ms] [LOG] [Fast Refresh] done in 133ms @ http://localhost:3000/_next/static/chunks/12h2_next_dist_0nhaf9-._.js:2489
[  319969ms] [LOG] [Fast Refresh] rebuilding @ http://localhost:3000/_next/static/chunks/12h2_next_dist_0nhaf9-._.js:2489
[  320067ms] [LOG] [Fast Refresh] done in 58ms @ http://localhost:3000/_next/static/chunks/12h2_next_dist_0nhaf9-._.js:2489
[  338708ms] [LOG] [Fast Refresh] rebuilding @ http://localhost:3000/_next/static/chunks/12h2_next_dist_0nhaf9-._.js:2489
[  338757ms] [LOG] [Fast Refresh] done in 26ms @ http://localhost:3000/_next/static/chunks/12h2_next_dist_0nhaf9-._.js:2489
[  338858ms] [LOG] [Fast Refresh] rebuilding @ http://localhost:3000/_next/static/chunks/12h2_next_dist_0nhaf9-._.js:2489
[  338890ms] [LOG] [Fast Refresh] done in 132ms @ http://localhost:3000/_next/static/chunks/12h2_next_dist_0nhaf9-._.js:2489
[  341577ms] [LOG] [Fast Refresh] rebuilding @ http://localhost:3000/_next/static/chunks/12h2_next_dist_0nhaf9-._.js:2489
[  341624ms] [LOG] [Fast Refresh] done in 27ms @ http://localhost:3000/_next/static/chunks/12h2_next_dist_0nhaf9-._.js:2489
[  341732ms] [LOG] [Fast Refresh] rebuilding @ http://localhost:3000/_next/static/chunks/12h2_next_dist_0nhaf9-._.js:2489
[  341761ms] [LOG] [Fast Refresh] done in 129ms @ http://localhost:3000/_next/static/chunks/12h2_next_dist_0nhaf9-._.js:2489
[  444974ms] [LOG] [Fast Refresh] rebuilding @ http://localhost:3000/_next/static/chunks/12h2_next_dist_0nhaf9-._.js:2489
[  445032ms] [LOG] [Fast Refresh] done in 28ms @ http://localhost:3000/_next/static/chunks/12h2_next_dist_0nhaf9-._.js:2489
[  445158ms] [LOG] [Fast Refresh] rebuilding @ http://localhost:3000/_next/static/chunks/12h2_next_dist_0nhaf9-._.js:2489
[  445182ms] [LOG] [Fast Refresh] done in 123ms @ http://localhost:3000/_next/static/chunks/12h2_next_dist_0nhaf9-._.js:2489
[  452610ms] [LOG] [Fast Refresh] rebuilding @ http://localhost:3000/_next/static/chunks/12h2_next_dist_0nhaf9-._.js:2489
[  452862ms] [LOG] [Fast Refresh] done in 54ms @ http://localhost:3000/_next/static/chunks/12h2_next_dist_0nhaf9-._.js:2489
